<?xml version="1.0" encoding="ISO-8859-1" ?>
<link_info>
   <banner>TMS320C2000 Linker PC v20.2.5.LTS</banner>
   <copyright>Copyright (c) 1996-2018 Texas Instruments Incorporated</copyright>
   <link_time>0x65891e4a</link_time>
   <link_errors>0x0</link_errors>
   <output_file>project.out</output_file>
   <entry_point>
      <name>_c_int00</name>
      <address>0x3310cf</address>
   </entry_point>
   <input_file_list>
      <input_file id="fl-2">
         <path>.\</path>
         <kind>object</kind>
         <file>main.obj</file>
         <name>main.obj</name>
      </input_file>
      <input_file id="fl-3">
         <path>.\Hardware\src\</path>
         <kind>object</kind>
         <file>AT24C01.obj</file>
         <name>AT24C01.obj</name>
      </input_file>
      <input_file id="fl-4">
         <path>.\Hardware\src\</path>
         <kind>object</kind>
         <file>WatchDog.obj</file>
         <name>WatchDog.obj</name>
      </input_file>
      <input_file id="fl-5">
         <path>.\Hardware\src\</path>
         <kind>object</kind>
         <file>adc_dma.obj</file>
         <name>adc_dma.obj</name>
      </input_file>
      <input_file id="fl-6">
         <path>.\Hardware\src\</path>
         <kind>object</kind>
         <file>button.obj</file>
         <name>button.obj</name>
      </input_file>
      <input_file id="fl-7">
         <path>.\Hardware\src\</path>
         <kind>object</kind>
         <file>distance_measurement.obj</file>
         <name>distance_measurement.obj</name>
      </input_file>
      <input_file id="fl-8">
         <path>.\Hardware\src\</path>
         <kind>object</kind>
         <file>epwm_led.obj</file>
         <name>epwm_led.obj</name>
      </input_file>
      <input_file id="fl-9">
         <path>.\Hardware\src\</path>
         <kind>object</kind>
         <file>led.obj</file>
         <name>led.obj</name>
      </input_file>
      <input_file id="fl-a">
         <path>.\Hardware\src\</path>
         <kind>object</kind>
         <file>oled.obj</file>
         <name>oled.obj</name>
      </input_file>
      <input_file id="fl-b">
         <path>.\Hardware\src\</path>
         <kind>object</kind>
         <file>sci.obj</file>
         <name>sci.obj</name>
      </input_file>
      <input_file id="fl-c">
         <path>.\Hardware\src\</path>
         <kind>object</kind>
         <file>spi_o.obj</file>
         <name>spi_o.obj</name>
      </input_file>
      <input_file id="fl-d">
         <path>.\Hardware\src\</path>
         <kind>object</kind>
         <file>timer.obj</file>
         <name>timer.obj</name>
      </input_file>
      <input_file id="fl-e">
         <path>.\Hardware\src\</path>
         <kind>object</kind>
         <file>w25q64.obj</file>
         <name>w25q64.obj</name>
      </input_file>
      <input_file id="fl-f">
         <path>.\Lib\src\</path>
         <kind>object</kind>
         <file>DSP2833x_ADC_cal.obj</file>
         <name>DSP2833x_ADC_cal.obj</name>
      </input_file>
      <input_file id="fl-10">
         <path>.\Lib\src\</path>
         <kind>object</kind>
         <file>DSP2833x_Adc.obj</file>
         <name>DSP2833x_Adc.obj</name>
      </input_file>
      <input_file id="fl-11">
         <path>.\Lib\src\</path>
         <kind>object</kind>
         <file>DSP2833x_CodeStartBranch.obj</file>
         <name>DSP2833x_CodeStartBranch.obj</name>
      </input_file>
      <input_file id="fl-12">
         <path>.\Lib\src\</path>
         <kind>object</kind>
         <file>DSP2833x_CpuTimers.obj</file>
         <name>DSP2833x_CpuTimers.obj</name>
      </input_file>
      <input_file id="fl-13">
         <path>.\Lib\src\</path>
         <kind>object</kind>
         <file>DSP2833x_DMA.obj</file>
         <name>DSP2833x_DMA.obj</name>
      </input_file>
      <input_file id="fl-14">
         <path>.\Lib\src\</path>
         <kind>object</kind>
         <file>DSP2833x_DefaultIsr.obj</file>
         <name>DSP2833x_DefaultIsr.obj</name>
      </input_file>
      <input_file id="fl-15">
         <path>.\Lib\src\</path>
         <kind>object</kind>
         <file>DSP2833x_GlobalVariableDefs.obj</file>
         <name>DSP2833x_GlobalVariableDefs.obj</name>
      </input_file>
      <input_file id="fl-16">
         <path>.\Lib\src\</path>
         <kind>object</kind>
         <file>DSP2833x_PieCtrl.obj</file>
         <name>DSP2833x_PieCtrl.obj</name>
      </input_file>
      <input_file id="fl-17">
         <path>.\Lib\src\</path>
         <kind>object</kind>
         <file>DSP2833x_PieVect.obj</file>
         <name>DSP2833x_PieVect.obj</name>
      </input_file>
      <input_file id="fl-18">
         <path>.\Lib\src\</path>
         <kind>object</kind>
         <file>DSP2833x_SysCtrl.obj</file>
         <name>DSP2833x_SysCtrl.obj</name>
      </input_file>
      <input_file id="fl-19">
         <path>.\Lib\src\</path>
         <kind>object</kind>
         <file>DSP2833x_Xintf.obj</file>
         <name>DSP2833x_Xintf.obj</name>
      </input_file>
      <input_file id="fl-1a">
         <path>.\Lib\src\</path>
         <kind>object</kind>
         <file>DSP2833x_usDelay.obj</file>
         <name>DSP2833x_usDelay.obj</name>
      </input_file>
      <input_file id="fl-1f">
         <kind>object</kind>
         <file>&lt;internal&gt;</file>
         <name>&lt;internal&gt;</name>
      </input_file>
      <input_file id="fl-2b">
         <path>E:\ccstdio10\ccs\tools\compiler\ti-cgt-c2000_20.2.5.LTS\lib\</path>
         <kind>archive</kind>
         <file>rts2800_fpu32.lib</file>
         <name>boot28.asm.obj</name>
      </input_file>
      <input_file id="fl-2c">
         <path>E:\ccstdio10\ccs\tools\compiler\ti-cgt-c2000_20.2.5.LTS\lib\</path>
         <kind>archive</kind>
         <file>rts2800_fpu32.lib</file>
         <name>cpy_tbl.c.obj</name>
      </input_file>
      <input_file id="fl-2d">
         <path>E:\ccstdio10\ccs\tools\compiler\ti-cgt-c2000_20.2.5.LTS\lib\</path>
         <kind>archive</kind>
         <file>rts2800_fpu32.lib</file>
         <name>memcpy.c.obj</name>
      </input_file>
      <input_file id="fl-2e">
         <path>E:\ccstdio10\ccs\tools\compiler\ti-cgt-c2000_20.2.5.LTS\lib\</path>
         <kind>archive</kind>
         <file>rts2800_fpu32.lib</file>
         <name>pre_init.c.obj</name>
      </input_file>
      <input_file id="fl-2f">
         <path>E:\ccstdio10\ccs\tools\compiler\ti-cgt-c2000_20.2.5.LTS\lib\</path>
         <kind>archive</kind>
         <file>rts2800_fpu32.lib</file>
         <name>startup.c.obj</name>
      </input_file>
      <input_file id="fl-30">
         <path>E:\ccstdio10\ccs\tools\compiler\ti-cgt-c2000_20.2.5.LTS\lib\</path>
         <kind>archive</kind>
         <file>rts2800_fpu32.lib</file>
         <name>exit.c.obj</name>
      </input_file>
      <input_file id="fl-31">
         <path>E:\ccstdio10\ccs\tools\compiler\ti-cgt-c2000_20.2.5.LTS\lib\</path>
         <kind>archive</kind>
         <file>rts2800_fpu32.lib</file>
         <name>_lock.c.obj</name>
      </input_file>
      <input_file id="fl-32">
         <path>E:\ccstdio10\ccs\tools\compiler\ti-cgt-c2000_20.2.5.LTS\lib\</path>
         <kind>archive</kind>
         <file>rts2800_fpu32.lib</file>
         <name>args_main.c.obj</name>
      </input_file>
   </input_file_list>
   <object_component_list>
      <object_component id="oc-db">
         <name>PieVectTableFile</name>
         <uninitialized>true</uninitialized>
         <run_address>0xd00</run_address>
         <size>0x100</size>
         <input_file_ref idref="fl-15"/>
      </object_component>
      <object_component id="oc-d7">
         <name>DevEmuRegsFile</name>
         <uninitialized>true</uninitialized>
         <run_address>0x880</run_address>
         <size>0xd0</size>
         <input_file_ref idref="fl-15"/>
      </object_component>
      <object_component id="oc-af">
         <name>FlashRegsFile</name>
         <uninitialized>true</uninitialized>
         <run_address>0xa80</run_address>
         <size>0x8</size>
         <input_file_ref idref="fl-15"/>
      </object_component>
      <object_component id="oc-b2">
         <name>CsmRegsFile</name>
         <uninitialized>true</uninitialized>
         <run_address>0xae0</run_address>
         <size>0x10</size>
         <input_file_ref idref="fl-15"/>
      </object_component>
      <object_component id="oc-b1">
         <name>AdcMirrorFile</name>
         <uninitialized>true</uninitialized>
         <run_address>0xb00</run_address>
         <size>0x10</size>
         <input_file_ref idref="fl-15"/>
      </object_component>
      <object_component id="oc-ba">
         <name>XintfRegsFile</name>
         <uninitialized>true</uninitialized>
         <run_address>0xb20</run_address>
         <size>0x1e</size>
         <input_file_ref idref="fl-15"/>
      </object_component>
      <object_component id="oc-ab">
         <name>CpuTimer0RegsFile</name>
         <uninitialized>true</uninitialized>
         <run_address>0xc00</run_address>
         <size>0x8</size>
         <input_file_ref idref="fl-15"/>
      </object_component>
      <object_component id="oc-ac">
         <name>CpuTimer1RegsFile</name>
         <uninitialized>true</uninitialized>
         <run_address>0xc08</run_address>
         <size>0x8</size>
         <input_file_ref idref="fl-15"/>
      </object_component>
      <object_component id="oc-ad">
         <name>CpuTimer2RegsFile</name>
         <uninitialized>true</uninitialized>
         <run_address>0xc10</run_address>
         <size>0x8</size>
         <input_file_ref idref="fl-15"/>
      </object_component>
      <object_component id="oc-b8">
         <name>PieCtrlRegsFile</name>
         <uninitialized>true</uninitialized>
         <run_address>0xce0</run_address>
         <size>0x1a</size>
         <input_file_ref idref="fl-15"/>
      </object_component>
      <object_component id="oc-d8">
         <name>DmaRegsFile</name>
         <uninitialized>true</uninitialized>
         <run_address>0x1000</run_address>
         <size>0xe0</size>
         <input_file_ref idref="fl-15"/>
      </object_component>
      <object_component id="oc-ca">
         <name>McbspaRegsFile</name>
         <uninitialized>true</uninitialized>
         <run_address>0x5000</run_address>
         <size>0x25</size>
         <input_file_ref idref="fl-15"/>
      </object_component>
      <object_component id="oc-cb">
         <name>McbspbRegsFile</name>
         <uninitialized>true</uninitialized>
         <run_address>0x5040</run_address>
         <size>0x25</size>
         <input_file_ref idref="fl-15"/>
      </object_component>
      <object_component id="oc-cd">
         <name>ECanaRegsFile</name>
         <uninitialized>true</uninitialized>
         <run_address>0x6000</run_address>
         <size>0x34</size>
         <input_file_ref idref="fl-15"/>
      </object_component>
      <object_component id="oc-cf">
         <name>ECanaLAMRegsFile</name>
         <uninitialized>true</uninitialized>
         <run_address>0x6040</run_address>
         <size>0x40</size>
         <input_file_ref idref="fl-15"/>
      </object_component>
      <object_component id="oc-d9">
         <name>ECanaMboxesFile</name>
         <uninitialized>true</uninitialized>
         <run_address>0x6100</run_address>
         <size>0x100</size>
         <input_file_ref idref="fl-15"/>
      </object_component>
      <object_component id="oc-d0">
         <name>ECanaMOTSRegsFile</name>
         <uninitialized>true</uninitialized>
         <run_address>0x6080</run_address>
         <size>0x40</size>
         <input_file_ref idref="fl-15"/>
      </object_component>
      <object_component id="oc-d1">
         <name>ECanaMOTORegsFile</name>
         <uninitialized>true</uninitialized>
         <run_address>0x60c0</run_address>
         <size>0x40</size>
         <input_file_ref idref="fl-15"/>
      </object_component>
      <object_component id="oc-ce">
         <name>ECanbRegsFile</name>
         <uninitialized>true</uninitialized>
         <run_address>0x6200</run_address>
         <size>0x34</size>
         <input_file_ref idref="fl-15"/>
      </object_component>
      <object_component id="oc-d2">
         <name>ECanbLAMRegsFile</name>
         <uninitialized>true</uninitialized>
         <run_address>0x6240</run_address>
         <size>0x40</size>
         <input_file_ref idref="fl-15"/>
      </object_component>
      <object_component id="oc-da">
         <name>ECanbMboxesFile</name>
         <uninitialized>true</uninitialized>
         <run_address>0x6300</run_address>
         <size>0x100</size>
         <input_file_ref idref="fl-15"/>
      </object_component>
      <object_component id="oc-d3">
         <name>ECanbMOTSRegsFile</name>
         <uninitialized>true</uninitialized>
         <run_address>0x6280</run_address>
         <size>0x40</size>
         <input_file_ref idref="fl-15"/>
      </object_component>
      <object_component id="oc-d4">
         <name>ECanbMOTORegsFile</name>
         <uninitialized>true</uninitialized>
         <run_address>0x62c0</run_address>
         <size>0x40</size>
         <input_file_ref idref="fl-15"/>
      </object_component>
      <object_component id="oc-c3">
         <name>EPwm1RegsFile</name>
         <uninitialized>true</uninitialized>
         <run_address>0x6800</run_address>
         <size>0x22</size>
         <input_file_ref idref="fl-15"/>
      </object_component>
      <object_component id="oc-c4">
         <name>EPwm2RegsFile</name>
         <uninitialized>true</uninitialized>
         <run_address>0x6840</run_address>
         <size>0x22</size>
         <input_file_ref idref="fl-15"/>
      </object_component>
      <object_component id="oc-c5">
         <name>EPwm3RegsFile</name>
         <uninitialized>true</uninitialized>
         <run_address>0x6880</run_address>
         <size>0x22</size>
         <input_file_ref idref="fl-15"/>
      </object_component>
      <object_component id="oc-c6">
         <name>EPwm4RegsFile</name>
         <uninitialized>true</uninitialized>
         <run_address>0x68c0</run_address>
         <size>0x22</size>
         <input_file_ref idref="fl-15"/>
      </object_component>
      <object_component id="oc-c7">
         <name>EPwm5RegsFile</name>
         <uninitialized>true</uninitialized>
         <run_address>0x6900</run_address>
         <size>0x22</size>
         <input_file_ref idref="fl-15"/>
      </object_component>
      <object_component id="oc-c8">
         <name>EPwm6RegsFile</name>
         <uninitialized>true</uninitialized>
         <run_address>0x6940</run_address>
         <size>0x22</size>
         <input_file_ref idref="fl-15"/>
      </object_component>
      <object_component id="oc-bb">
         <name>ECap1RegsFile</name>
         <uninitialized>true</uninitialized>
         <run_address>0x6a00</run_address>
         <size>0x20</size>
         <input_file_ref idref="fl-15"/>
      </object_component>
      <object_component id="oc-bc">
         <name>ECap2RegsFile</name>
         <uninitialized>true</uninitialized>
         <run_address>0x6a20</run_address>
         <size>0x20</size>
         <input_file_ref idref="fl-15"/>
      </object_component>
      <object_component id="oc-bd">
         <name>ECap3RegsFile</name>
         <uninitialized>true</uninitialized>
         <run_address>0x6a40</run_address>
         <size>0x20</size>
         <input_file_ref idref="fl-15"/>
      </object_component>
      <object_component id="oc-be">
         <name>ECap4RegsFile</name>
         <uninitialized>true</uninitialized>
         <run_address>0x6a60</run_address>
         <size>0x20</size>
         <input_file_ref idref="fl-15"/>
      </object_component>
      <object_component id="oc-bf">
         <name>ECap5RegsFile</name>
         <uninitialized>true</uninitialized>
         <run_address>0x6a80</run_address>
         <size>0x20</size>
         <input_file_ref idref="fl-15"/>
      </object_component>
      <object_component id="oc-c0">
         <name>ECap6RegsFile</name>
         <uninitialized>true</uninitialized>
         <run_address>0x6aa0</run_address>
         <size>0x20</size>
         <input_file_ref idref="fl-15"/>
      </object_component>
      <object_component id="oc-d5">
         <name>EQep1RegsFile</name>
         <uninitialized>true</uninitialized>
         <run_address>0x6b00</run_address>
         <size>0x40</size>
         <input_file_ref idref="fl-15"/>
      </object_component>
      <object_component id="oc-d6">
         <name>EQep2RegsFile</name>
         <uninitialized>true</uninitialized>
         <run_address>0x6b40</run_address>
         <size>0x40</size>
         <input_file_ref idref="fl-15"/>
      </object_component>
      <object_component id="oc-cc">
         <name>GpioCtrlRegsFile</name>
         <uninitialized>true</uninitialized>
         <run_address>0x6f80</run_address>
         <size>0x2e</size>
         <input_file_ref idref="fl-15"/>
      </object_component>
      <object_component id="oc-c1">
         <name>GpioDataRegsFile</name>
         <uninitialized>true</uninitialized>
         <run_address>0x6fc0</run_address>
         <size>0x20</size>
         <input_file_ref idref="fl-15"/>
      </object_component>
      <object_component id="oc-b0">
         <name>GpioIntRegsFile</name>
         <uninitialized>true</uninitialized>
         <run_address>0x6fe0</run_address>
         <size>0xa</size>
         <input_file_ref idref="fl-15"/>
      </object_component>
      <object_component id="oc-c2">
         <name>SysCtrlRegsFile</name>
         <uninitialized>true</uninitialized>
         <run_address>0x7010</run_address>
         <size>0x20</size>
         <input_file_ref idref="fl-15"/>
      </object_component>
      <object_component id="oc-b6">
         <name>SpiaRegsFile</name>
         <uninitialized>true</uninitialized>
         <run_address>0x7040</run_address>
         <size>0x10</size>
         <input_file_ref idref="fl-15"/>
      </object_component>
      <object_component id="oc-b3">
         <name>SciaRegsFile</name>
         <uninitialized>true</uninitialized>
         <run_address>0x7050</run_address>
         <size>0x10</size>
         <input_file_ref idref="fl-15"/>
      </object_component>
      <object_component id="oc-b7">
         <name>XIntruptRegsFile</name>
         <uninitialized>true</uninitialized>
         <run_address>0x7070</run_address>
         <size>0x10</size>
         <input_file_ref idref="fl-15"/>
      </object_component>
      <object_component id="oc-b9">
         <name>AdcRegsFile</name>
         <uninitialized>true</uninitialized>
         <run_address>0x7100</run_address>
         <size>0x1e</size>
         <input_file_ref idref="fl-15"/>
      </object_component>
      <object_component id="oc-b4">
         <name>ScibRegsFile</name>
         <uninitialized>true</uninitialized>
         <run_address>0x7750</run_address>
         <size>0x10</size>
         <input_file_ref idref="fl-15"/>
      </object_component>
      <object_component id="oc-b5">
         <name>ScicRegsFile</name>
         <uninitialized>true</uninitialized>
         <run_address>0x7770</run_address>
         <size>0x10</size>
         <input_file_ref idref="fl-15"/>
      </object_component>
      <object_component id="oc-c9">
         <name>I2caRegsFile</name>
         <uninitialized>true</uninitialized>
         <run_address>0x7900</run_address>
         <size>0x22</size>
         <input_file_ref idref="fl-15"/>
      </object_component>
      <object_component id="oc-ae">
         <name>CsmPwlFile</name>
         <uninitialized>true</uninitialized>
         <run_address>0x33fff8</run_address>
         <size>0x8</size>
         <input_file_ref idref="fl-15"/>
      </object_component>
      <object_component id="oc-48">
         <name>.cinit</name>
         <load_address>0x3311fd</load_address>
         <run_address>0x3311fd</run_address>
         <size>0x14</size>
         <input_file_ref idref="fl-2"/>
      </object_component>
      <object_component id="oc-111">
         <name>.cinit</name>
         <load_address>0x331211</load_address>
         <run_address>0x331211</run_address>
         <size>0xe</size>
         <input_file_ref idref="fl-30"/>
      </object_component>
      <object_component id="oc-12a">
         <name>.cinit:__lock</name>
         <load_address>0x33121f</load_address>
         <run_address>0x33121f</run_address>
         <size>0x5</size>
         <input_file_ref idref="fl-31"/>
      </object_component>
      <object_component id="oc-131">
         <name>.cinit:__unlock</name>
         <load_address>0x331224</load_address>
         <run_address>0x331224</run_address>
         <size>0x5</size>
         <input_file_ref idref="fl-31"/>
      </object_component>
      <object_component id="oc-a5">
         <name>.text:retain</name>
         <load_address>0x330918</load_address>
         <run_address>0x330918</run_address>
         <size>0x323</size>
         <input_file_ref idref="fl-14"/>
      </object_component>
      <object_component id="oc-12f">
         <name>.text</name>
         <load_address>0x330c3b</load_address>
         <run_address>0x330c3b</run_address>
         <size>0x23a</size>
         <input_file_ref idref="fl-a"/>
      </object_component>
      <object_component id="oc-12b">
         <name>.text</name>
         <load_address>0x330e75</load_address>
         <run_address>0x330e75</run_address>
         <size>0xf8</size>
         <input_file_ref idref="fl-18"/>
      </object_component>
      <object_component id="oc-4a">
         <name>.text:retain</name>
         <load_address>0x330f6d</load_address>
         <run_address>0x330f6d</run_address>
         <size>0x8f</size>
         <input_file_ref idref="fl-2"/>
      </object_component>
      <object_component id="oc-128">
         <name>.text</name>
         <load_address>0x330ffc</load_address>
         <run_address>0x330ffc</run_address>
         <size>0x7a</size>
         <input_file_ref idref="fl-2"/>
      </object_component>
      <object_component id="oc-12e">
         <name>.text</name>
         <load_address>0x331076</load_address>
         <run_address>0x331076</run_address>
         <size>0x59</size>
         <input_file_ref idref="fl-7"/>
      </object_component>
      <object_component id="oc-46">
         <name>.text</name>
         <load_address>0x3310cf</load_address>
         <run_address>0x3310cf</run_address>
         <size>0x56</size>
         <input_file_ref idref="fl-2b"/>
      </object_component>
      <object_component id="oc-125">
         <name>.text</name>
         <load_address>0x331125</load_address>
         <run_address>0x331125</run_address>
         <size>0x29</size>
         <input_file_ref idref="fl-30"/>
      </object_component>
      <object_component id="oc-12c">
         <name>.text</name>
         <load_address>0x33114e</load_address>
         <run_address>0x33114e</run_address>
         <size>0x28</size>
         <input_file_ref idref="fl-16"/>
      </object_component>
      <object_component id="oc-122">
         <name>.text</name>
         <load_address>0x331176</load_address>
         <run_address>0x331176</run_address>
         <size>0x24</size>
         <input_file_ref idref="fl-2c"/>
      </object_component>
      <object_component id="oc-12d">
         <name>.text</name>
         <load_address>0x33119a</load_address>
         <run_address>0x33119a</run_address>
         <size>0x20</size>
         <input_file_ref idref="fl-17"/>
      </object_component>
      <object_component id="oc-127">
         <name>.text</name>
         <load_address>0x3311ba</load_address>
         <run_address>0x3311ba</run_address>
         <size>0x1d</size>
         <input_file_ref idref="fl-2d"/>
      </object_component>
      <object_component id="oc-124">
         <name>.text</name>
         <load_address>0x3311d7</load_address>
         <run_address>0x3311d7</run_address>
         <size>0x12</size>
         <input_file_ref idref="fl-32"/>
      </object_component>
      <object_component id="oc-130">
         <name>.text</name>
         <load_address>0x3311e9</load_address>
         <run_address>0x3311e9</run_address>
         <size>0x9</size>
         <input_file_ref idref="fl-31"/>
      </object_component>
      <object_component id="oc-93">
         <name>.text</name>
         <load_address>0x3311f2</load_address>
         <run_address>0x3311f2</run_address>
         <size>0x8</size>
         <input_file_ref idref="fl-11"/>
      </object_component>
      <object_component id="oc-121">
         <name>.text</name>
         <load_address>0x3311fa</load_address>
         <run_address>0x3311fa</run_address>
         <size>0x2</size>
         <input_file_ref idref="fl-2e"/>
      </object_component>
      <object_component id="oc-123">
         <name>.text</name>
         <load_address>0x3311fc</load_address>
         <run_address>0x3311fc</run_address>
         <size>0x1</size>
         <input_file_ref idref="fl-2f"/>
      </object_component>
      <object_component id="oc-94">
         <name>codestart</name>
         <load_address>0x33fff6</load_address>
         <run_address>0x33fff6</run_address>
         <size>0x2</size>
         <input_file_ref idref="fl-11"/>
      </object_component>
      <object_component id="oc-f1">
         <name>ramfuncs</name>
         <load_address>0x33122b</load_address>
         <run_address>0x33122b</run_address>
         <size>0x4</size>
         <input_file_ref idref="fl-1a"/>
      </object_component>
      <object_component id="oc-f6">
         <name>.stack</name>
         <uninitialized>true</uninitialized>
         <run_address>0x400</run_address>
         <size>0x0</size>
         <input_file_ref idref="fl-2b"/>
      </object_component>
      <object_component id="oc-185">
         <name>.stack</name>
         <uninitialized>true</uninitialized>
         <run_address>0x400</run_address>
         <size>0x0</size>
      </object_component>
      <object_component id="oc-49">
         <name>.ebss</name>
         <uninitialized>true</uninitialized>
         <run_address>0xd118</run_address>
         <size>0xc</size>
         <input_file_ref idref="fl-2"/>
      </object_component>
      <object_component id="oc-126">
         <name>.ebss:_ReceivedData</name>
         <uninitialized>true</uninitialized>
         <run_address>0xd000</run_address>
         <size>0x100</size>
         <input_file_ref idref="fl-2"/>
      </object_component>
      <object_component id="oc-70">
         <name>.ebss</name>
         <uninitialized>true</uninitialized>
         <run_address>0xd12e</run_address>
         <size>0x1</size>
         <input_file_ref idref="fl-a"/>
      </object_component>
      <object_component id="oc-9a">
         <name>.ebss</name>
         <uninitialized>true</uninitialized>
         <run_address>0xd100</run_address>
         <size>0x18</size>
         <input_file_ref idref="fl-12"/>
      </object_component>
      <object_component id="oc-112">
         <name>.ebss</name>
         <uninitialized>true</uninitialized>
         <run_address>0xd124</run_address>
         <size>0x6</size>
         <input_file_ref idref="fl-30"/>
      </object_component>
      <object_component id="oc-129">
         <name>.ebss:__lock</name>
         <uninitialized>true</uninitialized>
         <run_address>0xd12a</run_address>
         <size>0x2</size>
         <input_file_ref idref="fl-31"/>
      </object_component>
      <object_component id="oc-135">
         <name>.ebss:__unlock</name>
         <uninitialized>true</uninitialized>
         <run_address>0xd12c</run_address>
         <size>0x2</size>
         <input_file_ref idref="fl-31"/>
      </object_component>
      <object_component id="oc-134">
         <name>.econst:.string:_F8X16</name>
         <load_address>0x330000</load_address>
         <run_address>0x330000</run_address>
         <size>0x5f0</size>
         <input_file_ref idref="fl-a"/>
      </object_component>
      <object_component id="oc-133">
         <name>.econst:_F6x8</name>
         <load_address>0x3305f0</load_address>
         <run_address>0x3305f0</run_address>
         <size>0x228</size>
         <input_file_ref idref="fl-a"/>
      </object_component>
      <object_component id="oc-132">
         <name>.econst:_PieVectTableInit</name>
         <load_address>0x330818</load_address>
         <run_address>0x330818</run_address>
         <size>0x100</size>
         <input_file_ref idref="fl-17"/>
      </object_component>
      <object_component id="oc-f7">
         <name>.reset</name>
         <load_address>0x3fffc0</load_address>
         <run_address>0x3fffc0</run_address>
         <size>0x2</size>
         <input_file_ref idref="fl-2b"/>
      </object_component>
      <object_component id="oc-89">
         <name>.adc_cal</name>
         <load_address>0x380080</load_address>
         <run_address>0x380080</run_address>
         <size>0x7</size>
         <input_file_ref idref="fl-f"/>
      </object_component>
      <object_component id="oc-47">
         <name>.debug_info</name>
         <load_address>0x0</load_address>
         <run_address>0x0</run_address>
         <size>0x45e4</size>
         <input_file_ref idref="fl-2"/>
      </object_component>
      <object_component id="oc-4f">
         <name>.debug_info</name>
         <load_address>0x45e4</load_address>
         <run_address>0x45e4</run_address>
         <size>0x2b89</size>
         <input_file_ref idref="fl-3"/>
      </object_component>
      <object_component id="oc-54">
         <name>.debug_info</name>
         <load_address>0x716d</load_address>
         <run_address>0x716d</run_address>
         <size>0x23d6</size>
         <input_file_ref idref="fl-4"/>
      </object_component>
      <object_component id="oc-59">
         <name>.debug_info</name>
         <load_address>0x9543</load_address>
         <run_address>0x9543</run_address>
         <size>0x173</size>
         <input_file_ref idref="fl-5"/>
      </object_component>
      <object_component id="oc-5b">
         <name>.debug_info</name>
         <load_address>0x96b6</load_address>
         <run_address>0x96b6</run_address>
         <size>0x2cdc</size>
         <input_file_ref idref="fl-6"/>
      </object_component>
      <object_component id="oc-60">
         <name>.debug_info</name>
         <load_address>0xc392</load_address>
         <run_address>0xc392</run_address>
         <size>0x25da</size>
         <input_file_ref idref="fl-7"/>
      </object_component>
      <object_component id="oc-65">
         <name>.debug_info</name>
         <load_address>0xe96c</load_address>
         <run_address>0xe96c</run_address>
         <size>0x2f9f</size>
         <input_file_ref idref="fl-8"/>
      </object_component>
      <object_component id="oc-6a">
         <name>.debug_info</name>
         <load_address>0x1190b</load_address>
         <run_address>0x1190b</run_address>
         <size>0x1b4f</size>
         <input_file_ref idref="fl-9"/>
      </object_component>
      <object_component id="oc-6f">
         <name>.debug_info</name>
         <load_address>0x1345a</load_address>
         <run_address>0x1345a</run_address>
         <size>0x2c3c</size>
         <input_file_ref idref="fl-a"/>
      </object_component>
      <object_component id="oc-75">
         <name>.debug_info</name>
         <load_address>0x16096</load_address>
         <run_address>0x16096</run_address>
         <size>0x2ce5</size>
         <input_file_ref idref="fl-b"/>
      </object_component>
      <object_component id="oc-7a">
         <name>.debug_info</name>
         <load_address>0x18d7b</load_address>
         <run_address>0x18d7b</run_address>
         <size>0x1d19</size>
         <input_file_ref idref="fl-c"/>
      </object_component>
      <object_component id="oc-7f">
         <name>.debug_info</name>
         <load_address>0x1aa94</load_address>
         <run_address>0x1aa94</run_address>
         <size>0x7b5</size>
         <input_file_ref idref="fl-d"/>
      </object_component>
      <object_component id="oc-84">
         <name>.debug_info</name>
         <load_address>0x1b249</load_address>
         <run_address>0x1b249</run_address>
         <size>0x2389</size>
         <input_file_ref idref="fl-e"/>
      </object_component>
      <object_component id="oc-8b">
         <name>.debug_info</name>
         <load_address>0x1d5d2</load_address>
         <run_address>0x1d5d2</run_address>
         <size>0xe6</size>
         <input_file_ref idref="fl-f"/>
      </object_component>
      <object_component id="oc-8e">
         <name>.debug_info</name>
         <load_address>0x1d6b8</load_address>
         <run_address>0x1d6b8</run_address>
         <size>0x1d9b</size>
         <input_file_ref idref="fl-10"/>
      </object_component>
      <object_component id="oc-96">
         <name>.debug_info</name>
         <load_address>0x1f453</load_address>
         <run_address>0x1f453</run_address>
         <size>0x125</size>
         <input_file_ref idref="fl-11"/>
      </object_component>
      <object_component id="oc-99">
         <name>.debug_info</name>
         <load_address>0x1f578</load_address>
         <run_address>0x1f578</run_address>
         <size>0x7f6</size>
         <input_file_ref idref="fl-12"/>
      </object_component>
      <object_component id="oc-9f">
         <name>.debug_info</name>
         <load_address>0x1fd6e</load_address>
         <run_address>0x1fd6e</run_address>
         <size>0x16e5</size>
         <input_file_ref idref="fl-13"/>
      </object_component>
      <object_component id="oc-a4">
         <name>.debug_info</name>
         <load_address>0x21453</load_address>
         <run_address>0x21453</run_address>
         <size>0x2525</size>
         <input_file_ref idref="fl-14"/>
      </object_component>
      <object_component id="oc-aa">
         <name>.debug_info</name>
         <load_address>0x23978</load_address>
         <run_address>0x23978</run_address>
         <size>0x13215</size>
         <input_file_ref idref="fl-15"/>
      </object_component>
      <object_component id="oc-dd">
         <name>.debug_info</name>
         <load_address>0x36b8d</load_address>
         <run_address>0x36b8d</run_address>
         <size>0xb1e</size>
         <input_file_ref idref="fl-16"/>
      </object_component>
      <object_component id="oc-e2">
         <name>.debug_info</name>
         <load_address>0x376ab</load_address>
         <run_address>0x376ab</run_address>
         <size>0x2280</size>
         <input_file_ref idref="fl-17"/>
      </object_component>
      <object_component id="oc-e7">
         <name>.debug_info</name>
         <load_address>0x3992b</load_address>
         <run_address>0x3992b</run_address>
         <size>0x1f71</size>
         <input_file_ref idref="fl-18"/>
      </object_component>
      <object_component id="oc-ec">
         <name>.debug_info</name>
         <load_address>0x3b89c</load_address>
         <run_address>0x3b89c</run_address>
         <size>0x20be</size>
         <input_file_ref idref="fl-19"/>
      </object_component>
      <object_component id="oc-f3">
         <name>.debug_info</name>
         <load_address>0x3d95a</load_address>
         <run_address>0x3d95a</run_address>
         <size>0xe6</size>
         <input_file_ref idref="fl-1a"/>
      </object_component>
      <object_component id="oc-f8">
         <name>.debug_info</name>
         <load_address>0x3da40</load_address>
         <run_address>0x3da40</run_address>
         <size>0x173</size>
         <input_file_ref idref="fl-2b"/>
      </object_component>
      <object_component id="oc-fc">
         <name>.debug_info</name>
         <load_address>0x3dbb3</load_address>
         <run_address>0x3dbb3</run_address>
         <size>0x561</size>
         <input_file_ref idref="fl-2c"/>
      </object_component>
      <object_component id="oc-101">
         <name>.debug_info</name>
         <load_address>0x3e114</load_address>
         <run_address>0x3e114</run_address>
         <size>0x43a</size>
         <input_file_ref idref="fl-2d"/>
      </object_component>
      <object_component id="oc-106">
         <name>.debug_info</name>
         <load_address>0x3e54e</load_address>
         <run_address>0x3e54e</run_address>
         <size>0x3ad</size>
         <input_file_ref idref="fl-2e"/>
      </object_component>
      <object_component id="oc-10b">
         <name>.debug_info</name>
         <load_address>0x3e8fb</load_address>
         <run_address>0x3e8fb</run_address>
         <size>0x3aa</size>
         <input_file_ref idref="fl-2f"/>
      </object_component>
      <object_component id="oc-110">
         <name>.debug_info</name>
         <load_address>0x3eca5</load_address>
         <run_address>0x3eca5</run_address>
         <size>0x544</size>
         <input_file_ref idref="fl-30"/>
      </object_component>
      <object_component id="oc-117">
         <name>.debug_info</name>
         <load_address>0x3f1e9</load_address>
         <run_address>0x3f1e9</run_address>
         <size>0x4cc</size>
         <input_file_ref idref="fl-31"/>
      </object_component>
      <object_component id="oc-11c">
         <name>.debug_info</name>
         <load_address>0x3f6b5</load_address>
         <run_address>0x3f6b5</run_address>
         <size>0x467</size>
         <input_file_ref idref="fl-32"/>
      </object_component>
      <object_component id="oc-186">
         <name>.debug_info</name>
         <load_address>0x3fb1c</load_address>
         <run_address>0x3fb1c</run_address>
         <size>0x8f</size>
      </object_component>
      <object_component id="oc-4b">
         <name>.debug_frame</name>
         <load_address>0x0</load_address>
         <run_address>0x0</run_address>
         <size>0x11c</size>
         <input_file_ref idref="fl-2"/>
      </object_component>
      <object_component id="oc-50">
         <name>.debug_frame</name>
         <load_address>0x11c</load_address>
         <run_address>0x11c</run_address>
         <size>0x28</size>
         <input_file_ref idref="fl-3"/>
      </object_component>
      <object_component id="oc-55">
         <name>.debug_frame</name>
         <load_address>0x144</load_address>
         <run_address>0x144</run_address>
         <size>0x28</size>
         <input_file_ref idref="fl-4"/>
      </object_component>
      <object_component id="oc-5c">
         <name>.debug_frame</name>
         <load_address>0x16c</load_address>
         <run_address>0x16c</run_address>
         <size>0x28</size>
         <input_file_ref idref="fl-6"/>
      </object_component>
      <object_component id="oc-61">
         <name>.debug_frame</name>
         <load_address>0x194</load_address>
         <run_address>0x194</run_address>
         <size>0x74</size>
         <input_file_ref idref="fl-7"/>
      </object_component>
      <object_component id="oc-66">
         <name>.debug_frame</name>
         <load_address>0x208</load_address>
         <run_address>0x208</run_address>
         <size>0x28</size>
         <input_file_ref idref="fl-8"/>
      </object_component>
      <object_component id="oc-6b">
         <name>.debug_frame</name>
         <load_address>0x230</load_address>
         <run_address>0x230</run_address>
         <size>0x28</size>
         <input_file_ref idref="fl-9"/>
      </object_component>
      <object_component id="oc-71">
         <name>.debug_frame</name>
         <load_address>0x258</load_address>
         <run_address>0x258</run_address>
         <size>0x218</size>
         <input_file_ref idref="fl-a"/>
      </object_component>
      <object_component id="oc-76">
         <name>.debug_frame</name>
         <load_address>0x470</load_address>
         <run_address>0x470</run_address>
         <size>0x28</size>
         <input_file_ref idref="fl-b"/>
      </object_component>
      <object_component id="oc-7b">
         <name>.debug_frame</name>
         <load_address>0x498</load_address>
         <run_address>0x498</run_address>
         <size>0x28</size>
         <input_file_ref idref="fl-c"/>
      </object_component>
      <object_component id="oc-80">
         <name>.debug_frame</name>
         <load_address>0x4c0</load_address>
         <run_address>0x4c0</run_address>
         <size>0x28</size>
         <input_file_ref idref="fl-d"/>
      </object_component>
      <object_component id="oc-85">
         <name>.debug_frame</name>
         <load_address>0x4e8</load_address>
         <run_address>0x4e8</run_address>
         <size>0x28</size>
         <input_file_ref idref="fl-e"/>
      </object_component>
      <object_component id="oc-8f">
         <name>.debug_frame</name>
         <load_address>0x510</load_address>
         <run_address>0x510</run_address>
         <size>0x28</size>
         <input_file_ref idref="fl-10"/>
      </object_component>
      <object_component id="oc-9b">
         <name>.debug_frame</name>
         <load_address>0x538</load_address>
         <run_address>0x538</run_address>
         <size>0x28</size>
         <input_file_ref idref="fl-12"/>
      </object_component>
      <object_component id="oc-a0">
         <name>.debug_frame</name>
         <load_address>0x560</load_address>
         <run_address>0x560</run_address>
         <size>0x28</size>
         <input_file_ref idref="fl-13"/>
      </object_component>
      <object_component id="oc-a6">
         <name>.debug_frame</name>
         <load_address>0x588</load_address>
         <run_address>0x588</run_address>
         <size>0xa30</size>
         <input_file_ref idref="fl-14"/>
      </object_component>
      <object_component id="oc-de">
         <name>.debug_frame</name>
         <load_address>0xfb8</load_address>
         <run_address>0xfb8</run_address>
         <size>0x58</size>
         <input_file_ref idref="fl-16"/>
      </object_component>
      <object_component id="oc-e3">
         <name>.debug_frame</name>
         <load_address>0x1010</load_address>
         <run_address>0x1010</run_address>
         <size>0x44</size>
         <input_file_ref idref="fl-17"/>
      </object_component>
      <object_component id="oc-e8">
         <name>.debug_frame</name>
         <load_address>0x1054</load_address>
         <run_address>0x1054</run_address>
         <size>0xc0</size>
         <input_file_ref idref="fl-18"/>
      </object_component>
      <object_component id="oc-ed">
         <name>.debug_frame</name>
         <load_address>0x1114</load_address>
         <run_address>0x1114</run_address>
         <size>0x28</size>
         <input_file_ref idref="fl-19"/>
      </object_component>
      <object_component id="oc-fd">
         <name>.debug_frame</name>
         <load_address>0x113c</load_address>
         <run_address>0x113c</run_address>
         <size>0x60</size>
         <input_file_ref idref="fl-2c"/>
      </object_component>
      <object_component id="oc-102">
         <name>.debug_frame</name>
         <load_address>0x119c</load_address>
         <run_address>0x119c</run_address>
         <size>0x40</size>
         <input_file_ref idref="fl-2d"/>
      </object_component>
      <object_component id="oc-107">
         <name>.debug_frame</name>
         <load_address>0x11dc</load_address>
         <run_address>0x11dc</run_address>
         <size>0x40</size>
         <input_file_ref idref="fl-2e"/>
      </object_component>
      <object_component id="oc-10c">
         <name>.debug_frame</name>
         <load_address>0x121c</load_address>
         <run_address>0x121c</run_address>
         <size>0x40</size>
         <input_file_ref idref="fl-2f"/>
      </object_component>
      <object_component id="oc-113">
         <name>.debug_frame</name>
         <load_address>0x125c</load_address>
         <run_address>0x125c</run_address>
         <size>0x60</size>
         <input_file_ref idref="fl-30"/>
      </object_component>
      <object_component id="oc-118">
         <name>.debug_frame</name>
         <load_address>0x12bc</load_address>
         <run_address>0x12bc</run_address>
         <size>0x70</size>
         <input_file_ref idref="fl-31"/>
      </object_component>
      <object_component id="oc-11d">
         <name>.debug_frame</name>
         <load_address>0x132c</load_address>
         <run_address>0x132c</run_address>
         <size>0x40</size>
         <input_file_ref idref="fl-32"/>
      </object_component>
      <object_component id="oc-4c">
         <name>.debug_line</name>
         <load_address>0x0</load_address>
         <run_address>0x0</run_address>
         <size>0x148</size>
         <input_file_ref idref="fl-2"/>
      </object_component>
      <object_component id="oc-51">
         <name>.debug_line</name>
         <load_address>0x148</load_address>
         <run_address>0x148</run_address>
         <size>0x3a</size>
         <input_file_ref idref="fl-3"/>
      </object_component>
      <object_component id="oc-56">
         <name>.debug_line</name>
         <load_address>0x182</load_address>
         <run_address>0x182</run_address>
         <size>0x3b</size>
         <input_file_ref idref="fl-4"/>
      </object_component>
      <object_component id="oc-5d">
         <name>.debug_line</name>
         <load_address>0x1bd</load_address>
         <run_address>0x1bd</run_address>
         <size>0x39</size>
         <input_file_ref idref="fl-6"/>
      </object_component>
      <object_component id="oc-62">
         <name>.debug_line</name>
         <load_address>0x1f6</load_address>
         <run_address>0x1f6</run_address>
         <size>0xac</size>
         <input_file_ref idref="fl-7"/>
      </object_component>
      <object_component id="oc-67">
         <name>.debug_line</name>
         <load_address>0x2a2</load_address>
         <run_address>0x2a2</run_address>
         <size>0x3b</size>
         <input_file_ref idref="fl-8"/>
      </object_component>
      <object_component id="oc-6c">
         <name>.debug_line</name>
         <load_address>0x2dd</load_address>
         <run_address>0x2dd</run_address>
         <size>0x36</size>
         <input_file_ref idref="fl-9"/>
      </object_component>
      <object_component id="oc-72">
         <name>.debug_line</name>
         <load_address>0x313</load_address>
         <run_address>0x313</run_address>
         <size>0x358</size>
         <input_file_ref idref="fl-a"/>
      </object_component>
      <object_component id="oc-77">
         <name>.debug_line</name>
         <load_address>0x66b</load_address>
         <run_address>0x66b</run_address>
         <size>0x36</size>
         <input_file_ref idref="fl-b"/>
      </object_component>
      <object_component id="oc-7c">
         <name>.debug_line</name>
         <load_address>0x6a1</load_address>
         <run_address>0x6a1</run_address>
         <size>0x38</size>
         <input_file_ref idref="fl-c"/>
      </object_component>
      <object_component id="oc-81">
         <name>.debug_line</name>
         <load_address>0x6d9</load_address>
         <run_address>0x6d9</run_address>
         <size>0x38</size>
         <input_file_ref idref="fl-d"/>
      </object_component>
      <object_component id="oc-86">
         <name>.debug_line</name>
         <load_address>0x711</load_address>
         <run_address>0x711</run_address>
         <size>0x39</size>
         <input_file_ref idref="fl-e"/>
      </object_component>
      <object_component id="oc-8a">
         <name>.debug_line</name>
         <load_address>0x74a</load_address>
         <run_address>0x74a</run_address>
         <size>0x51</size>
         <input_file_ref idref="fl-f"/>
      </object_component>
      <object_component id="oc-90">
         <name>.debug_line</name>
         <load_address>0x79b</load_address>
         <run_address>0x79b</run_address>
         <size>0x3a</size>
         <input_file_ref idref="fl-10"/>
      </object_component>
      <object_component id="oc-95">
         <name>.debug_line</name>
         <load_address>0x7d5</load_address>
         <run_address>0x7d5</run_address>
         <size>0x69</size>
         <input_file_ref idref="fl-11"/>
      </object_component>
      <object_component id="oc-9c">
         <name>.debug_line</name>
         <load_address>0x83e</load_address>
         <run_address>0x83e</run_address>
         <size>0x40</size>
         <input_file_ref idref="fl-12"/>
      </object_component>
      <object_component id="oc-a1">
         <name>.debug_line</name>
         <load_address>0x87e</load_address>
         <run_address>0x87e</run_address>
         <size>0x3a</size>
         <input_file_ref idref="fl-13"/>
      </object_component>
      <object_component id="oc-a7">
         <name>.debug_line</name>
         <load_address>0x8b8</load_address>
         <run_address>0x8b8</run_address>
         <size>0x76a</size>
         <input_file_ref idref="fl-14"/>
      </object_component>
      <object_component id="oc-df">
         <name>.debug_line</name>
         <load_address>0x1022</load_address>
         <run_address>0x1022</run_address>
         <size>0x8e</size>
         <input_file_ref idref="fl-16"/>
      </object_component>
      <object_component id="oc-e4">
         <name>.debug_line</name>
         <load_address>0x10b0</load_address>
         <run_address>0x10b0</run_address>
         <size>0x70</size>
         <input_file_ref idref="fl-17"/>
      </object_component>
      <object_component id="oc-e9">
         <name>.debug_line</name>
         <load_address>0x1120</load_address>
         <run_address>0x1120</run_address>
         <size>0x14d</size>
         <input_file_ref idref="fl-18"/>
      </object_component>
      <object_component id="oc-ee">
         <name>.debug_line</name>
         <load_address>0x126d</load_address>
         <run_address>0x126d</run_address>
         <size>0x3c</size>
         <input_file_ref idref="fl-19"/>
      </object_component>
      <object_component id="oc-f2">
         <name>.debug_line</name>
         <load_address>0x12a9</load_address>
         <run_address>0x12a9</run_address>
         <size>0x50</size>
         <input_file_ref idref="fl-1a"/>
      </object_component>
      <object_component id="oc-f9">
         <name>.debug_line</name>
         <load_address>0x12f9</load_address>
         <run_address>0x12f9</run_address>
         <size>0x7e</size>
         <input_file_ref idref="fl-2b"/>
      </object_component>
      <object_component id="oc-fe">
         <name>.debug_line</name>
         <load_address>0x1377</load_address>
         <run_address>0x1377</run_address>
         <size>0x50</size>
         <input_file_ref idref="fl-2c"/>
      </object_component>
      <object_component id="oc-103">
         <name>.debug_line</name>
         <load_address>0x13c7</load_address>
         <run_address>0x13c7</run_address>
         <size>0x62</size>
         <input_file_ref idref="fl-2d"/>
      </object_component>
      <object_component id="oc-108">
         <name>.debug_line</name>
         <load_address>0x1429</load_address>
         <run_address>0x1429</run_address>
         <size>0x3e</size>
         <input_file_ref idref="fl-2e"/>
      </object_component>
      <object_component id="oc-10d">
         <name>.debug_line</name>
         <load_address>0x1467</load_address>
         <run_address>0x1467</run_address>
         <size>0x3a</size>
         <input_file_ref idref="fl-2f"/>
      </object_component>
      <object_component id="oc-114">
         <name>.debug_line</name>
         <load_address>0x14a1</load_address>
         <run_address>0x14a1</run_address>
         <size>0x65</size>
         <input_file_ref idref="fl-30"/>
      </object_component>
      <object_component id="oc-119">
         <name>.debug_line</name>
         <load_address>0x1506</load_address>
         <run_address>0x1506</run_address>
         <size>0x5e</size>
         <input_file_ref idref="fl-31"/>
      </object_component>
      <object_component id="oc-11e">
         <name>.debug_line</name>
         <load_address>0x1564</load_address>
         <run_address>0x1564</run_address>
         <size>0x4f</size>
         <input_file_ref idref="fl-32"/>
      </object_component>
      <object_component id="oc-4d">
         <name>.debug_abbrev</name>
         <load_address>0x0</load_address>
         <run_address>0x0</run_address>
         <size>0x213</size>
         <input_file_ref idref="fl-2"/>
      </object_component>
      <object_component id="oc-52">
         <name>.debug_abbrev</name>
         <load_address>0x213</load_address>
         <run_address>0x213</run_address>
         <size>0x14f</size>
         <input_file_ref idref="fl-3"/>
      </object_component>
      <object_component id="oc-57">
         <name>.debug_abbrev</name>
         <load_address>0x362</load_address>
         <run_address>0x362</run_address>
         <size>0x113</size>
         <input_file_ref idref="fl-4"/>
      </object_component>
      <object_component id="oc-5a">
         <name>.debug_abbrev</name>
         <load_address>0x475</load_address>
         <run_address>0x475</run_address>
         <size>0x21</size>
         <input_file_ref idref="fl-5"/>
      </object_component>
      <object_component id="oc-5e">
         <name>.debug_abbrev</name>
         <load_address>0x496</load_address>
         <run_address>0x496</run_address>
         <size>0x12a</size>
         <input_file_ref idref="fl-6"/>
      </object_component>
      <object_component id="oc-63">
         <name>.debug_abbrev</name>
         <load_address>0x5c0</load_address>
         <run_address>0x5c0</run_address>
         <size>0x138</size>
         <input_file_ref idref="fl-7"/>
      </object_component>
      <object_component id="oc-68">
         <name>.debug_abbrev</name>
         <load_address>0x6f8</load_address>
         <run_address>0x6f8</run_address>
         <size>0x111</size>
         <input_file_ref idref="fl-8"/>
      </object_component>
      <object_component id="oc-6d">
         <name>.debug_abbrev</name>
         <load_address>0x809</load_address>
         <run_address>0x809</run_address>
         <size>0xdc</size>
         <input_file_ref idref="fl-9"/>
      </object_component>
      <object_component id="oc-73">
         <name>.debug_abbrev</name>
         <load_address>0x8e5</load_address>
         <run_address>0x8e5</run_address>
         <size>0x1c4</size>
         <input_file_ref idref="fl-a"/>
      </object_component>
      <object_component id="oc-78">
         <name>.debug_abbrev</name>
         <load_address>0xaa9</load_address>
         <run_address>0xaa9</run_address>
         <size>0x136</size>
         <input_file_ref idref="fl-b"/>
      </object_component>
      <object_component id="oc-7d">
         <name>.debug_abbrev</name>
         <load_address>0xbdf</load_address>
         <run_address>0xbdf</run_address>
         <size>0x19d</size>
         <input_file_ref idref="fl-c"/>
      </object_component>
      <object_component id="oc-82">
         <name>.debug_abbrev</name>
         <load_address>0xd7c</load_address>
         <run_address>0xd7c</run_address>
         <size>0x104</size>
         <input_file_ref idref="fl-d"/>
      </object_component>
      <object_component id="oc-87">
         <name>.debug_abbrev</name>
         <load_address>0xe80</load_address>
         <run_address>0xe80</run_address>
         <size>0x106</size>
         <input_file_ref idref="fl-e"/>
      </object_component>
      <object_component id="oc-8c">
         <name>.debug_abbrev</name>
         <load_address>0xf86</load_address>
         <run_address>0xf86</run_address>
         <size>0x2f</size>
         <input_file_ref idref="fl-f"/>
      </object_component>
      <object_component id="oc-91">
         <name>.debug_abbrev</name>
         <load_address>0xfb5</load_address>
         <run_address>0xfb5</run_address>
         <size>0x10f</size>
         <input_file_ref idref="fl-10"/>
      </object_component>
      <object_component id="oc-97">
         <name>.debug_abbrev</name>
         <load_address>0x10c4</load_address>
         <run_address>0x10c4</run_address>
         <size>0x21</size>
         <input_file_ref idref="fl-11"/>
      </object_component>
      <object_component id="oc-9d">
         <name>.debug_abbrev</name>
         <load_address>0x10e5</load_address>
         <run_address>0x10e5</run_address>
         <size>0xfd</size>
         <input_file_ref idref="fl-12"/>
      </object_component>
      <object_component id="oc-a2">
         <name>.debug_abbrev</name>
         <load_address>0x11e2</load_address>
         <run_address>0x11e2</run_address>
         <size>0x14f</size>
         <input_file_ref idref="fl-13"/>
      </object_component>
      <object_component id="oc-a8">
         <name>.debug_abbrev</name>
         <load_address>0x1331</load_address>
         <run_address>0x1331</run_address>
         <size>0xde</size>
         <input_file_ref idref="fl-14"/>
      </object_component>
      <object_component id="oc-dc">
         <name>.debug_abbrev</name>
         <load_address>0x140f</load_address>
         <run_address>0x140f</run_address>
         <size>0xb7</size>
         <input_file_ref idref="fl-15"/>
      </object_component>
      <object_component id="oc-e0">
         <name>.debug_abbrev</name>
         <load_address>0x14c6</load_address>
         <run_address>0x14c6</run_address>
         <size>0xc8</size>
         <input_file_ref idref="fl-16"/>
      </object_component>
      <object_component id="oc-e5">
         <name>.debug_abbrev</name>
         <load_address>0x158e</load_address>
         <run_address>0x158e</run_address>
         <size>0x116</size>
         <input_file_ref idref="fl-17"/>
      </object_component>
      <object_component id="oc-ea">
         <name>.debug_abbrev</name>
         <load_address>0x16a4</load_address>
         <run_address>0x16a4</run_address>
         <size>0x17b</size>
         <input_file_ref idref="fl-18"/>
      </object_component>
      <object_component id="oc-ef">
         <name>.debug_abbrev</name>
         <load_address>0x181f</load_address>
         <run_address>0x181f</run_address>
         <size>0xea</size>
         <input_file_ref idref="fl-19"/>
      </object_component>
      <object_component id="oc-f4">
         <name>.debug_abbrev</name>
         <load_address>0x1909</load_address>
         <run_address>0x1909</run_address>
         <size>0x2f</size>
         <input_file_ref idref="fl-1a"/>
      </object_component>
      <object_component id="oc-fa">
         <name>.debug_abbrev</name>
         <load_address>0x1938</load_address>
         <run_address>0x1938</run_address>
         <size>0x46</size>
         <input_file_ref idref="fl-2b"/>
      </object_component>
      <object_component id="oc-ff">
         <name>.debug_abbrev</name>
         <load_address>0x197e</load_address>
         <run_address>0x197e</run_address>
         <size>0xe3</size>
         <input_file_ref idref="fl-2c"/>
      </object_component>
      <object_component id="oc-104">
         <name>.debug_abbrev</name>
         <load_address>0x1a61</load_address>
         <run_address>0x1a61</run_address>
         <size>0xa8</size>
         <input_file_ref idref="fl-2d"/>
      </object_component>
      <object_component id="oc-109">
         <name>.debug_abbrev</name>
         <load_address>0x1b09</load_address>
         <run_address>0x1b09</run_address>
         <size>0x68</size>
         <input_file_ref idref="fl-2e"/>
      </object_component>
      <object_component id="oc-10e">
         <name>.debug_abbrev</name>
         <load_address>0x1b71</load_address>
         <run_address>0x1b71</run_address>
         <size>0x66</size>
         <input_file_ref idref="fl-2f"/>
      </object_component>
      <object_component id="oc-115">
         <name>.debug_abbrev</name>
         <load_address>0x1bd7</load_address>
         <run_address>0x1bd7</run_address>
         <size>0x130</size>
         <input_file_ref idref="fl-30"/>
      </object_component>
      <object_component id="oc-11a">
         <name>.debug_abbrev</name>
         <load_address>0x1d07</load_address>
         <run_address>0x1d07</run_address>
         <size>0xb2</size>
         <input_file_ref idref="fl-31"/>
      </object_component>
      <object_component id="oc-11f">
         <name>.debug_abbrev</name>
         <load_address>0x1db9</load_address>
         <run_address>0x1db9</run_address>
         <size>0xee</size>
         <input_file_ref idref="fl-32"/>
      </object_component>
      <object_component id="oc-187">
         <name>.debug_abbrev</name>
         <load_address>0x1ea7</load_address>
         <run_address>0x1ea7</run_address>
         <size>0xf</size>
      </object_component>
      <object_component id="oc-4e">
         <name>.debug_aranges</name>
         <load_address>0x0</load_address>
         <run_address>0x0</run_address>
         <size>0x48</size>
         <input_file_ref idref="fl-2"/>
      </object_component>
      <object_component id="oc-53">
         <name>.debug_aranges</name>
         <load_address>0x48</load_address>
         <run_address>0x48</run_address>
         <size>0x18</size>
         <input_file_ref idref="fl-3"/>
      </object_component>
      <object_component id="oc-58">
         <name>.debug_aranges</name>
         <load_address>0x60</load_address>
         <run_address>0x60</run_address>
         <size>0x18</size>
         <input_file_ref idref="fl-4"/>
      </object_component>
      <object_component id="oc-5f">
         <name>.debug_aranges</name>
         <load_address>0x78</load_address>
         <run_address>0x78</run_address>
         <size>0x18</size>
         <input_file_ref idref="fl-6"/>
      </object_component>
      <object_component id="oc-64">
         <name>.debug_aranges</name>
         <load_address>0x90</load_address>
         <run_address>0x90</run_address>
         <size>0x30</size>
         <input_file_ref idref="fl-7"/>
      </object_component>
      <object_component id="oc-69">
         <name>.debug_aranges</name>
         <load_address>0xc0</load_address>
         <run_address>0xc0</run_address>
         <size>0x18</size>
         <input_file_ref idref="fl-8"/>
      </object_component>
      <object_component id="oc-6e">
         <name>.debug_aranges</name>
         <load_address>0xd8</load_address>
         <run_address>0xd8</run_address>
         <size>0x18</size>
         <input_file_ref idref="fl-9"/>
      </object_component>
      <object_component id="oc-74">
         <name>.debug_aranges</name>
         <load_address>0xf0</load_address>
         <run_address>0xf0</run_address>
         <size>0xb0</size>
         <input_file_ref idref="fl-a"/>
      </object_component>
      <object_component id="oc-79">
         <name>.debug_aranges</name>
         <load_address>0x1a0</load_address>
         <run_address>0x1a0</run_address>
         <size>0x18</size>
         <input_file_ref idref="fl-b"/>
      </object_component>
      <object_component id="oc-7e">
         <name>.debug_aranges</name>
         <load_address>0x1b8</load_address>
         <run_address>0x1b8</run_address>
         <size>0x18</size>
         <input_file_ref idref="fl-c"/>
      </object_component>
      <object_component id="oc-83">
         <name>.debug_aranges</name>
         <load_address>0x1d0</load_address>
         <run_address>0x1d0</run_address>
         <size>0x18</size>
         <input_file_ref idref="fl-d"/>
      </object_component>
      <object_component id="oc-88">
         <name>.debug_aranges</name>
         <load_address>0x1e8</load_address>
         <run_address>0x1e8</run_address>
         <size>0x18</size>
         <input_file_ref idref="fl-e"/>
      </object_component>
      <object_component id="oc-8d">
         <name>.debug_aranges</name>
         <load_address>0x200</load_address>
         <run_address>0x200</run_address>
         <size>0x20</size>
         <input_file_ref idref="fl-f"/>
      </object_component>
      <object_component id="oc-92">
         <name>.debug_aranges</name>
         <load_address>0x220</load_address>
         <run_address>0x220</run_address>
         <size>0x18</size>
         <input_file_ref idref="fl-10"/>
      </object_component>
      <object_component id="oc-98">
         <name>.debug_aranges</name>
         <load_address>0x238</load_address>
         <run_address>0x238</run_address>
         <size>0x28</size>
         <input_file_ref idref="fl-11"/>
      </object_component>
      <object_component id="oc-9e">
         <name>.debug_aranges</name>
         <load_address>0x260</load_address>
         <run_address>0x260</run_address>
         <size>0x18</size>
         <input_file_ref idref="fl-12"/>
      </object_component>
      <object_component id="oc-a3">
         <name>.debug_aranges</name>
         <load_address>0x278</load_address>
         <run_address>0x278</run_address>
         <size>0x18</size>
         <input_file_ref idref="fl-13"/>
      </object_component>
      <object_component id="oc-a9">
         <name>.debug_aranges</name>
         <load_address>0x290</load_address>
         <run_address>0x290</run_address>
         <size>0x298</size>
         <input_file_ref idref="fl-14"/>
      </object_component>
      <object_component id="oc-e1">
         <name>.debug_aranges</name>
         <load_address>0x528</load_address>
         <run_address>0x528</run_address>
         <size>0x28</size>
         <input_file_ref idref="fl-16"/>
      </object_component>
      <object_component id="oc-e6">
         <name>.debug_aranges</name>
         <load_address>0x550</load_address>
         <run_address>0x550</run_address>
         <size>0x20</size>
         <input_file_ref idref="fl-17"/>
      </object_component>
      <object_component id="oc-eb">
         <name>.debug_aranges</name>
         <load_address>0x570</load_address>
         <run_address>0x570</run_address>
         <size>0x48</size>
         <input_file_ref idref="fl-18"/>
      </object_component>
      <object_component id="oc-f0">
         <name>.debug_aranges</name>
         <load_address>0x5b8</load_address>
         <run_address>0x5b8</run_address>
         <size>0x18</size>
         <input_file_ref idref="fl-19"/>
      </object_component>
      <object_component id="oc-f5">
         <name>.debug_aranges</name>
         <load_address>0x5d0</load_address>
         <run_address>0x5d0</run_address>
         <size>0x20</size>
         <input_file_ref idref="fl-1a"/>
      </object_component>
      <object_component id="oc-fb">
         <name>.debug_aranges</name>
         <load_address>0x5f0</load_address>
         <run_address>0x5f0</run_address>
         <size>0x20</size>
         <input_file_ref idref="fl-2b"/>
      </object_component>
      <object_component id="oc-100">
         <name>.debug_aranges</name>
         <load_address>0x610</load_address>
         <run_address>0x610</run_address>
         <size>0x20</size>
         <input_file_ref idref="fl-2c"/>
      </object_component>
      <object_component id="oc-105">
         <name>.debug_aranges</name>
         <load_address>0x630</load_address>
         <run_address>0x630</run_address>
         <size>0x20</size>
         <input_file_ref idref="fl-2d"/>
      </object_component>
      <object_component id="oc-10a">
         <name>.debug_aranges</name>
         <load_address>0x650</load_address>
         <run_address>0x650</run_address>
         <size>0x20</size>
         <input_file_ref idref="fl-2e"/>
      </object_component>
      <object_component id="oc-10f">
         <name>.debug_aranges</name>
         <load_address>0x670</load_address>
         <run_address>0x670</run_address>
         <size>0x20</size>
         <input_file_ref idref="fl-2f"/>
      </object_component>
      <object_component id="oc-116">
         <name>.debug_aranges</name>
         <load_address>0x690</load_address>
         <run_address>0x690</run_address>
         <size>0x28</size>
         <input_file_ref idref="fl-30"/>
      </object_component>
      <object_component id="oc-11b">
         <name>.debug_aranges</name>
         <load_address>0x6b8</load_address>
         <run_address>0x6b8</run_address>
         <size>0x30</size>
         <input_file_ref idref="fl-31"/>
      </object_component>
      <object_component id="oc-120">
         <name>.debug_aranges</name>
         <load_address>0x6e8</load_address>
         <run_address>0x6e8</run_address>
         <size>0x20</size>
         <input_file_ref idref="fl-32"/>
      </object_component>
   </object_component_list>
   <logical_group_list>
      <logical_group id="lg-2" display="no" color="cyan">
         <name>PieVectTableFile</name>
         <run_address>0xd00</run_address>
         <size>0x100</size>
         <contents>
            <object_component_ref idref="oc-db"/>
         </contents>
      </logical_group>
      <logical_group id="lg-3" display="no" color="cyan">
         <name>DevEmuRegsFile</name>
         <run_address>0x880</run_address>
         <size>0xd0</size>
         <contents>
            <object_component_ref idref="oc-d7"/>
         </contents>
      </logical_group>
      <logical_group id="lg-4" display="no" color="cyan">
         <name>FlashRegsFile</name>
         <run_address>0xa80</run_address>
         <size>0x8</size>
         <contents>
            <object_component_ref idref="oc-af"/>
         </contents>
      </logical_group>
      <logical_group id="lg-5" display="no" color="cyan">
         <name>CsmRegsFile</name>
         <run_address>0xae0</run_address>
         <size>0x10</size>
         <contents>
            <object_component_ref idref="oc-b2"/>
         </contents>
      </logical_group>
      <logical_group id="lg-6" display="no" color="cyan">
         <name>AdcMirrorFile</name>
         <run_address>0xb00</run_address>
         <size>0x10</size>
         <contents>
            <object_component_ref idref="oc-b1"/>
         </contents>
      </logical_group>
      <logical_group id="lg-7" display="no" color="cyan">
         <name>XintfRegsFile</name>
         <run_address>0xb20</run_address>
         <size>0x1e</size>
         <contents>
            <object_component_ref idref="oc-ba"/>
         </contents>
      </logical_group>
      <logical_group id="lg-8" display="no" color="cyan">
         <name>CpuTimer0RegsFile</name>
         <run_address>0xc00</run_address>
         <size>0x8</size>
         <contents>
            <object_component_ref idref="oc-ab"/>
         </contents>
      </logical_group>
      <logical_group id="lg-9" display="no" color="cyan">
         <name>CpuTimer1RegsFile</name>
         <run_address>0xc08</run_address>
         <size>0x8</size>
         <contents>
            <object_component_ref idref="oc-ac"/>
         </contents>
      </logical_group>
      <logical_group id="lg-a" display="no" color="cyan">
         <name>CpuTimer2RegsFile</name>
         <run_address>0xc10</run_address>
         <size>0x8</size>
         <contents>
            <object_component_ref idref="oc-ad"/>
         </contents>
      </logical_group>
      <logical_group id="lg-b" display="no" color="cyan">
         <name>PieCtrlRegsFile</name>
         <run_address>0xce0</run_address>
         <size>0x1a</size>
         <contents>
            <object_component_ref idref="oc-b8"/>
         </contents>
      </logical_group>
      <logical_group id="lg-c" display="no" color="cyan">
         <name>DmaRegsFile</name>
         <run_address>0x1000</run_address>
         <size>0xe0</size>
         <contents>
            <object_component_ref idref="oc-d8"/>
         </contents>
      </logical_group>
      <logical_group id="lg-d" display="no" color="cyan">
         <name>McbspaRegsFile</name>
         <run_address>0x5000</run_address>
         <size>0x25</size>
         <contents>
            <object_component_ref idref="oc-ca"/>
         </contents>
      </logical_group>
      <logical_group id="lg-e" display="no" color="cyan">
         <name>McbspbRegsFile</name>
         <run_address>0x5040</run_address>
         <size>0x25</size>
         <contents>
            <object_component_ref idref="oc-cb"/>
         </contents>
      </logical_group>
      <logical_group id="lg-f" display="no" color="cyan">
         <name>ECanaRegsFile</name>
         <run_address>0x6000</run_address>
         <size>0x34</size>
         <contents>
            <object_component_ref idref="oc-cd"/>
         </contents>
      </logical_group>
      <logical_group id="lg-10" display="no" color="cyan">
         <name>ECanaLAMRegsFile</name>
         <run_address>0x6040</run_address>
         <size>0x40</size>
         <contents>
            <object_component_ref idref="oc-cf"/>
         </contents>
      </logical_group>
      <logical_group id="lg-11" display="no" color="cyan">
         <name>ECanaMboxesFile</name>
         <run_address>0x6100</run_address>
         <size>0x100</size>
         <contents>
            <object_component_ref idref="oc-d9"/>
         </contents>
      </logical_group>
      <logical_group id="lg-12" display="no" color="cyan">
         <name>ECanaMOTSRegsFile</name>
         <run_address>0x6080</run_address>
         <size>0x40</size>
         <contents>
            <object_component_ref idref="oc-d0"/>
         </contents>
      </logical_group>
      <logical_group id="lg-13" display="no" color="cyan">
         <name>ECanaMOTORegsFile</name>
         <run_address>0x60c0</run_address>
         <size>0x40</size>
         <contents>
            <object_component_ref idref="oc-d1"/>
         </contents>
      </logical_group>
      <logical_group id="lg-14" display="no" color="cyan">
         <name>ECanbRegsFile</name>
         <run_address>0x6200</run_address>
         <size>0x34</size>
         <contents>
            <object_component_ref idref="oc-ce"/>
         </contents>
      </logical_group>
      <logical_group id="lg-15" display="no" color="cyan">
         <name>ECanbLAMRegsFile</name>
         <run_address>0x6240</run_address>
         <size>0x40</size>
         <contents>
            <object_component_ref idref="oc-d2"/>
         </contents>
      </logical_group>
      <logical_group id="lg-16" display="no" color="cyan">
         <name>ECanbMboxesFile</name>
         <run_address>0x6300</run_address>
         <size>0x100</size>
         <contents>
            <object_component_ref idref="oc-da"/>
         </contents>
      </logical_group>
      <logical_group id="lg-17" display="no" color="cyan">
         <name>ECanbMOTSRegsFile</name>
         <run_address>0x6280</run_address>
         <size>0x40</size>
         <contents>
            <object_component_ref idref="oc-d3"/>
         </contents>
      </logical_group>
      <logical_group id="lg-18" display="no" color="cyan">
         <name>ECanbMOTORegsFile</name>
         <run_address>0x62c0</run_address>
         <size>0x40</size>
         <contents>
            <object_component_ref idref="oc-d4"/>
         </contents>
      </logical_group>
      <logical_group id="lg-19" display="no" color="cyan">
         <name>EPwm1RegsFile</name>
         <run_address>0x6800</run_address>
         <size>0x22</size>
         <contents>
            <object_component_ref idref="oc-c3"/>
         </contents>
      </logical_group>
      <logical_group id="lg-1a" display="no" color="cyan">
         <name>EPwm2RegsFile</name>
         <run_address>0x6840</run_address>
         <size>0x22</size>
         <contents>
            <object_component_ref idref="oc-c4"/>
         </contents>
      </logical_group>
      <logical_group id="lg-1b" display="no" color="cyan">
         <name>EPwm3RegsFile</name>
         <run_address>0x6880</run_address>
         <size>0x22</size>
         <contents>
            <object_component_ref idref="oc-c5"/>
         </contents>
      </logical_group>
      <logical_group id="lg-1c" display="no" color="cyan">
         <name>EPwm4RegsFile</name>
         <run_address>0x68c0</run_address>
         <size>0x22</size>
         <contents>
            <object_component_ref idref="oc-c6"/>
         </contents>
      </logical_group>
      <logical_group id="lg-1d" display="no" color="cyan">
         <name>EPwm5RegsFile</name>
         <run_address>0x6900</run_address>
         <size>0x22</size>
         <contents>
            <object_component_ref idref="oc-c7"/>
         </contents>
      </logical_group>
      <logical_group id="lg-1e" display="no" color="cyan">
         <name>EPwm6RegsFile</name>
         <run_address>0x6940</run_address>
         <size>0x22</size>
         <contents>
            <object_component_ref idref="oc-c8"/>
         </contents>
      </logical_group>
      <logical_group id="lg-1f" display="no" color="cyan">
         <name>ECap1RegsFile</name>
         <run_address>0x6a00</run_address>
         <size>0x20</size>
         <contents>
            <object_component_ref idref="oc-bb"/>
         </contents>
      </logical_group>
      <logical_group id="lg-20" display="no" color="cyan">
         <name>ECap2RegsFile</name>
         <run_address>0x6a20</run_address>
         <size>0x20</size>
         <contents>
            <object_component_ref idref="oc-bc"/>
         </contents>
      </logical_group>
      <logical_group id="lg-21" display="no" color="cyan">
         <name>ECap3RegsFile</name>
         <run_address>0x6a40</run_address>
         <size>0x20</size>
         <contents>
            <object_component_ref idref="oc-bd"/>
         </contents>
      </logical_group>
      <logical_group id="lg-22" display="no" color="cyan">
         <name>ECap4RegsFile</name>
         <run_address>0x6a60</run_address>
         <size>0x20</size>
         <contents>
            <object_component_ref idref="oc-be"/>
         </contents>
      </logical_group>
      <logical_group id="lg-23" display="no" color="cyan">
         <name>ECap5RegsFile</name>
         <run_address>0x6a80</run_address>
         <size>0x20</size>
         <contents>
            <object_component_ref idref="oc-bf"/>
         </contents>
      </logical_group>
      <logical_group id="lg-24" display="no" color="cyan">
         <name>ECap6RegsFile</name>
         <run_address>0x6aa0</run_address>
         <size>0x20</size>
         <contents>
            <object_component_ref idref="oc-c0"/>
         </contents>
      </logical_group>
      <logical_group id="lg-25" display="no" color="cyan">
         <name>EQep1RegsFile</name>
         <run_address>0x6b00</run_address>
         <size>0x40</size>
         <contents>
            <object_component_ref idref="oc-d5"/>
         </contents>
      </logical_group>
      <logical_group id="lg-26" display="no" color="cyan">
         <name>EQep2RegsFile</name>
         <run_address>0x6b40</run_address>
         <size>0x40</size>
         <contents>
            <object_component_ref idref="oc-d6"/>
         </contents>
      </logical_group>
      <logical_group id="lg-27" display="no" color="cyan">
         <name>GpioCtrlRegsFile</name>
         <run_address>0x6f80</run_address>
         <size>0x2e</size>
         <contents>
            <object_component_ref idref="oc-cc"/>
         </contents>
      </logical_group>
      <logical_group id="lg-28" display="no" color="cyan">
         <name>GpioDataRegsFile</name>
         <run_address>0x6fc0</run_address>
         <size>0x20</size>
         <contents>
            <object_component_ref idref="oc-c1"/>
         </contents>
      </logical_group>
      <logical_group id="lg-29" display="no" color="cyan">
         <name>GpioIntRegsFile</name>
         <run_address>0x6fe0</run_address>
         <size>0xa</size>
         <contents>
            <object_component_ref idref="oc-b0"/>
         </contents>
      </logical_group>
      <logical_group id="lg-2a" display="no" color="cyan">
         <name>SysCtrlRegsFile</name>
[...]
      <symbol id="sm-264">
         <name>_WAKEINT_ISR</name>
         <value>0x330a12</value>
         <object_component_ref idref="oc-a5"/>
      </symbol>
      <symbol id="sm-266">
         <name>_DINTCH4_ISR</name>
         <value>0x330b3e</value>
         <object_component_ref idref="oc-a5"/>
      </symbol>
      <symbol id="sm-268">
         <name>_USER10_ISR</name>
         <value>0x3309b8</value>
         <object_component_ref idref="oc-a5"/>
      </symbol>
      <symbol id="sm-26a">
         <name>_USER7_ISR</name>
         <value>0x33099a</value>
         <object_component_ref idref="oc-a5"/>
      </symbol>
      <symbol id="sm-26c">
         <name>_XINT1_ISR</name>
         <value>0x3309ea</value>
         <object_component_ref idref="oc-a5"/>
      </symbol>
      <symbol id="sm-26e">
         <name>_ECAP6_INT_ISR</name>
         <value>0x330ac6</value>
         <object_component_ref idref="oc-a5"/>
      </symbol>
      <symbol id="sm-270">
         <name>_INT14_ISR</name>
         <value>0x330922</value>
         <object_component_ref idref="oc-a5"/>
      </symbol>
      <symbol id="sm-272">
         <name>_MXINTB_ISR</name>
         <value>0x330b02</value>
         <object_component_ref idref="oc-a5"/>
      </symbol>
      <symbol id="sm-274">
         <name>_DINTCH5_ISR</name>
         <value>0x330b48</value>
         <object_component_ref idref="oc-a5"/>
      </symbol>
      <symbol id="sm-276">
         <name>_USER6_ISR</name>
         <value>0x330990</value>
         <object_component_ref idref="oc-a5"/>
      </symbol>
      <symbol id="sm-278">
         <name>_ECAP4_INT_ISR</name>
         <value>0x330ab2</value>
         <object_component_ref idref="oc-a5"/>
      </symbol>
      <symbol id="sm-27a">
         <name>_MRINTA_ISR</name>
         <value>0x330b0c</value>
         <object_component_ref idref="oc-a5"/>
      </symbol>
      <symbol id="sm-27c">
         <name>_DINTCH6_ISR</name>
         <value>0x330b52</value>
         <object_component_ref idref="oc-a5"/>
      </symbol>
      <symbol id="sm-27e">
         <name>_USER12_ISR</name>
         <value>0x3309cc</value>
         <object_component_ref idref="oc-a5"/>
      </symbol>
      <symbol id="sm-280">
         <name>_ADCINT_ISR</name>
         <value>0x3309fe</value>
         <object_component_ref idref="oc-a5"/>
      </symbol>
      <symbol id="sm-282">
         <name>_USER1_ISR</name>
         <value>0x33095e</value>
         <object_component_ref idref="oc-a5"/>
      </symbol>
      <symbol id="sm-284">
         <name>_XINT3_ISR</name>
         <value>0x330bd4</value>
         <object_component_ref idref="oc-a5"/>
      </symbol>
      <symbol id="sm-286">
         <name>_EPWM5_INT_ISR</name>
         <value>0x330a80</value>
         <object_component_ref idref="oc-a5"/>
      </symbol>
      <symbol id="sm-288">
         <name>_NMI_ISR</name>
         <value>0x33094a</value>
         <object_component_ref idref="oc-a5"/>
      </symbol>
      <symbol id="sm-28a">
         <name>_SCITXINTB_ISR</name>
         <value>0x330ba2</value>
         <object_component_ref idref="oc-a5"/>
      </symbol>
      <symbol id="sm-28c">
         <name>_SCIRXINTB_ISR</name>
         <value>0x330b98</value>
         <object_component_ref idref="oc-a5"/>
      </symbol>
      <symbol id="sm-28e">
         <name>_ECAN1INTA_ISR</name>
         <value>0x330bb6</value>
         <object_component_ref idref="oc-a5"/>
      </symbol>
      <symbol id="sm-290">
         <name>_ECAP2_INT_ISR</name>
         <value>0x330a9e</value>
         <object_component_ref idref="oc-a5"/>
      </symbol>
      <symbol id="sm-292">
         <name>_PIE_RESERVED</name>
         <value>0x330c27</value>
         <object_component_ref idref="oc-a5"/>
      </symbol>
      <symbol id="sm-294">
         <name>_I2CINT1A_ISR</name>
         <value>0x330b5c</value>
         <object_component_ref idref="oc-a5"/>
      </symbol>
      <symbol id="sm-296">
         <name>_XINT2_ISR</name>
         <value>0x3309f4</value>
         <object_component_ref idref="oc-a5"/>
      </symbol>
      <symbol id="sm-298">
         <name>_I2CINT2A_ISR</name>
         <value>0x330b66</value>
         <object_component_ref idref="oc-a5"/>
      </symbol>
      <symbol id="sm-29a">
         <name>_SCITXINTC_ISR</name>
         <value>0x330b7a</value>
         <object_component_ref idref="oc-a5"/>
      </symbol>
      <symbol id="sm-29c">
         <name>_SCIRXINTC_ISR</name>
         <value>0x330b70</value>
         <object_component_ref idref="oc-a5"/>
      </symbol>
      <symbol id="sm-29e">
         <name>_RTOSINT_ISR</name>
         <value>0x330936</value>
         <object_component_ref idref="oc-a5"/>
      </symbol>
      <symbol id="sm-2a0">
         <name>_EPWM3_INT_ISR</name>
         <value>0x330a6c</value>
         <object_component_ref idref="oc-a5"/>
      </symbol>
      <symbol id="sm-2a2">
         <name>_ECAN1INTB_ISR</name>
         <value>0x330bca</value>
         <object_component_ref idref="oc-a5"/>
      </symbol>
      <symbol id="sm-2a4">
         <name>_USER9_ISR</name>
         <value>0x3309ae</value>
         <object_component_ref idref="oc-a5"/>
      </symbol>
      <symbol id="sm-2a6">
         <name>_USER3_ISR</name>
         <value>0x330972</value>
         <object_component_ref idref="oc-a5"/>
      </symbol>
      <symbol id="sm-2a8">
         <name>_EQEP1_INT_ISR</name>
         <value>0x330ad0</value>
         <object_component_ref idref="oc-a5"/>
      </symbol>
      <symbol id="sm-2aa">
         <name>_MRINTB_ISR</name>
         <value>0x330af8</value>
         <object_component_ref idref="oc-a5"/>
      </symbol>
      <symbol id="sm-2ac">
         <name>_DINTCH1_ISR</name>
         <value>0x330b20</value>
         <object_component_ref idref="oc-a5"/>
      </symbol>
      <symbol id="sm-2ae">
         <name>_USER8_ISR</name>
         <value>0x3309a4</value>
         <object_component_ref idref="oc-a5"/>
      </symbol>
      <symbol id="sm-2b0">
         <name>_EPWM1_INT_ISR</name>
         <value>0x330a58</value>
         <object_component_ref idref="oc-a5"/>
      </symbol>
      <symbol id="sm-2b2">
         <name>_SEQ2INT_ISR</name>
         <value>0x3309e0</value>
         <object_component_ref idref="oc-a5"/>
      </symbol>
      <symbol id="sm-2b4">
         <name>_USER2_ISR</name>
         <value>0x330968</value>
         <object_component_ref idref="oc-a5"/>
      </symbol>
      <symbol id="sm-2b6">
         <name>_LUF_ISR</name>
         <value>0x330c10</value>
         <object_component_ref idref="oc-a5"/>
      </symbol>
      <symbol id="sm-2b8">
         <name>_LVF_ISR</name>
         <value>0x330c06</value>
         <object_component_ref idref="oc-a5"/>
      </symbol>
      <symbol id="sm-2ba">
         <name>_SCITXINTA_ISR</name>
         <value>0x330b8e</value>
         <object_component_ref idref="oc-a5"/>
      </symbol>
      <symbol id="sm-2bc">
         <name>_SCIRXINTA_ISR</name>
         <value>0x330b84</value>
         <object_component_ref idref="oc-a5"/>
      </symbol>
      <symbol id="sm-2be">
         <name>_rsvd_ISR</name>
         <value>0x330c31</value>
         <object_component_ref idref="oc-a5"/>
      </symbol>
      <symbol id="sm-2c0">
         <name>_ECAP5_INT_ISR</name>
         <value>0x330abc</value>
         <object_component_ref idref="oc-a5"/>
      </symbol>
      <symbol id="sm-2c2">
         <name>_DINTCH2_ISR</name>
         <value>0x330b2a</value>
         <object_component_ref idref="oc-a5"/>
      </symbol>
      <symbol id="sm-2c4">
         <name>_XINT5_ISR</name>
         <value>0x330be8</value>
         <object_component_ref idref="oc-a5"/>
      </symbol>
      <symbol id="sm-32d">
         <name>_GpioCtrlRegs</name>
         <value>0x6f80</value>
         <object_component_ref idref="oc-cc"/>
      </symbol>
      <symbol id="sm-32e">
         <name>_PieVectTable</name>
         <value>0xd00</value>
         <object_component_ref idref="oc-db"/>
      </symbol>
      <symbol id="sm-32f">
         <name>_ECap4Regs</name>
         <value>0x6a60</value>
         <object_component_ref idref="oc-be"/>
      </symbol>
      <symbol id="sm-330">
         <name>_CsmRegs</name>
         <value>0xae0</value>
         <object_component_ref idref="oc-b2"/>
      </symbol>
      <symbol id="sm-331">
         <name>_ECanaLAMRegs</name>
         <value>0x6040</value>
         <object_component_ref idref="oc-cf"/>
      </symbol>
      <symbol id="sm-332">
         <name>_ECanbMOTORegs</name>
         <value>0x62c0</value>
         <object_component_ref idref="oc-d4"/>
      </symbol>
      <symbol id="sm-333">
         <name>_EPwm4Regs</name>
         <value>0x68c0</value>
         <object_component_ref idref="oc-c6"/>
      </symbol>
      <symbol id="sm-334">
         <name>_ECap5Regs</name>
         <value>0x6a80</value>
         <object_component_ref idref="oc-bf"/>
      </symbol>
      <symbol id="sm-335">
         <name>_CpuTimer1Regs</name>
         <value>0xc08</value>
         <object_component_ref idref="oc-ac"/>
      </symbol>
      <symbol id="sm-336">
         <name>_SysCtrlRegs</name>
         <value>0x7010</value>
         <object_component_ref idref="oc-c2"/>
      </symbol>
      <symbol id="sm-337">
         <name>_EPwm5Regs</name>
         <value>0x6900</value>
         <object_component_ref idref="oc-c7"/>
      </symbol>
      <symbol id="sm-338">
         <name>_SpiaRegs</name>
         <value>0x7040</value>
         <object_component_ref idref="oc-b6"/>
      </symbol>
      <symbol id="sm-339">
         <name>_ECanaMOTSRegs</name>
         <value>0x6080</value>
         <object_component_ref idref="oc-d0"/>
      </symbol>
      <symbol id="sm-33a">
         <name>_ECap6Regs</name>
         <value>0x6aa0</value>
         <object_component_ref idref="oc-c0"/>
      </symbol>
      <symbol id="sm-33b">
         <name>_DmaRegs</name>
         <value>0x1000</value>
         <object_component_ref idref="oc-d8"/>
      </symbol>
      <symbol id="sm-33c">
         <name>_FlashRegs</name>
         <value>0xa80</value>
         <object_component_ref idref="oc-af"/>
      </symbol>
      <symbol id="sm-33d">
         <name>_CpuTimer0Regs</name>
         <value>0xc00</value>
         <object_component_ref idref="oc-ab"/>
      </symbol>
      <symbol id="sm-33e">
         <name>_DevEmuRegs</name>
         <value>0x880</value>
         <object_component_ref idref="oc-d7"/>
      </symbol>
      <symbol id="sm-33f">
         <name>_McbspbRegs</name>
         <value>0x5040</value>
         <object_component_ref idref="oc-cb"/>
      </symbol>
      <symbol id="sm-340">
         <name>_EPwm6Regs</name>
         <value>0x6940</value>
         <object_component_ref idref="oc-c8"/>
      </symbol>
      <symbol id="sm-341">
         <name>_SciaRegs</name>
         <value>0x7050</value>
         <object_component_ref idref="oc-b3"/>
      </symbol>
      <symbol id="sm-342">
         <name>_GpioDataRegs</name>
         <value>0x6fc0</value>
         <object_component_ref idref="oc-c1"/>
      </symbol>
      <symbol id="sm-343">
         <name>_CsmPwl</name>
         <value>0x33fff8</value>
         <object_component_ref idref="oc-ae"/>
      </symbol>
      <symbol id="sm-344">
         <name>_AdcRegs</name>
         <value>0x7100</value>
         <object_component_ref idref="oc-b9"/>
      </symbol>
      <symbol id="sm-345">
         <name>_XIntruptRegs</name>
         <value>0x7070</value>
         <object_component_ref idref="oc-b7"/>
      </symbol>
      <symbol id="sm-346">
         <name>_CpuTimer2Regs</name>
         <value>0xc10</value>
         <object_component_ref idref="oc-ad"/>
      </symbol>
      <symbol id="sm-347">
         <name>_PieCtrlRegs</name>
         <value>0xce0</value>
         <object_component_ref idref="oc-b8"/>
      </symbol>
      <symbol id="sm-348">
         <name>_ECanbMOTSRegs</name>
         <value>0x6280</value>
         <object_component_ref idref="oc-d3"/>
      </symbol>
      <symbol id="sm-349">
         <name>_ECanaRegs</name>
         <value>0x6000</value>
         <object_component_ref idref="oc-cd"/>
      </symbol>
      <symbol id="sm-34a">
         <name>_AdcMirror</name>
         <value>0xb00</value>
         <object_component_ref idref="oc-b1"/>
      </symbol>
      <symbol id="sm-34b">
         <name>_ECanbMboxes</name>
         <value>0x6300</value>
         <object_component_ref idref="oc-da"/>
      </symbol>
      <symbol id="sm-34c">
         <name>_XintfRegs</name>
         <value>0xb20</value>
         <object_component_ref idref="oc-ba"/>
      </symbol>
      <symbol id="sm-34d">
         <name>_ScicRegs</name>
         <value>0x7770</value>
         <object_component_ref idref="oc-b5"/>
      </symbol>
      <symbol id="sm-34e">
         <name>_ECap1Regs</name>
         <value>0x6a00</value>
         <object_component_ref idref="oc-bb"/>
      </symbol>
      <symbol id="sm-34f">
         <name>_EQep1Regs</name>
         <value>0x6b00</value>
         <object_component_ref idref="oc-d5"/>
      </symbol>
      <symbol id="sm-350">
         <name>_McbspaRegs</name>
         <value>0x5000</value>
         <object_component_ref idref="oc-ca"/>
      </symbol>
      <symbol id="sm-351">
         <name>_EPwm1Regs</name>
         <value>0x6800</value>
         <object_component_ref idref="oc-c3"/>
      </symbol>
      <symbol id="sm-352">
         <name>_ECanbRegs</name>
         <value>0x6200</value>
         <object_component_ref idref="oc-ce"/>
      </symbol>
      <symbol id="sm-353">
         <name>_ScibRegs</name>
         <value>0x7750</value>
         <object_component_ref idref="oc-b4"/>
      </symbol>
      <symbol id="sm-354">
         <name>_ECap2Regs</name>
         <value>0x6a20</value>
         <object_component_ref idref="oc-bc"/>
      </symbol>
      <symbol id="sm-355">
         <name>_GpioIntRegs</name>
         <value>0x6fe0</value>
         <object_component_ref idref="oc-b0"/>
      </symbol>
      <symbol id="sm-356">
         <name>_EQep2Regs</name>
         <value>0x6b40</value>
         <object_component_ref idref="oc-d6"/>
      </symbol>
      <symbol id="sm-357">
         <name>_EPwm2Regs</name>
         <value>0x6840</value>
         <object_component_ref idref="oc-c4"/>
      </symbol>
      <symbol id="sm-358">
         <name>_ECanaMboxes</name>
         <value>0x6100</value>
         <object_component_ref idref="oc-d9"/>
      </symbol>
      <symbol id="sm-359">
         <name>_ECap3Regs</name>
         <value>0x6a40</value>
         <object_component_ref idref="oc-bd"/>
      </symbol>
      <symbol id="sm-35a">
         <name>_ECanaMOTORegs</name>
         <value>0x60c0</value>
         <object_component_ref idref="oc-d1"/>
      </symbol>
      <symbol id="sm-35b">
         <name>_EPwm3Regs</name>
         <value>0x6880</value>
         <object_component_ref idref="oc-c5"/>
      </symbol>
      <symbol id="sm-35c">
         <name>_ECanbLAMRegs</name>
         <value>0x6240</value>
         <object_component_ref idref="oc-d2"/>
      </symbol>
      <symbol id="sm-35d">
         <name>_I2caRegs</name>
         <value>0x7900</value>
         <object_component_ref idref="oc-c9"/>
      </symbol>
      <symbol id="sm-369">
         <name>_InitPieCtrl</name>
         <value>0x33114e</value>
         <object_component_ref idref="oc-12c"/>
      </symbol>
      <symbol id="sm-36b">
         <name>_EnableInterrupts</name>
         <value>0x33116d</value>
         <object_component_ref idref="oc-12c"/>
      </symbol>
      <symbol id="sm-37c">
         <name>_PieVectTableInit</name>
         <value>0x330818</value>
         <object_component_ref idref="oc-132"/>
      </symbol>
      <symbol id="sm-37d">
         <name>_InitPieVectTable</name>
         <value>0x33119a</value>
         <object_component_ref idref="oc-12d"/>
      </symbol>
      <symbol id="sm-393">
         <name>_InitPll</name>
         <value>0x330e90</value>
         <object_component_ref idref="oc-12b"/>
      </symbol>
      <symbol id="sm-395">
         <name>_DisableDog</name>
         <value>0x330e88</value>
         <object_component_ref idref="oc-12b"/>
      </symbol>
      <symbol id="sm-397">
         <name>_InitPeripheralClocks</name>
         <value>0x330ee1</value>
         <object_component_ref idref="oc-12b"/>
      </symbol>
      <symbol id="sm-399">
         <name>_CsmUnlock</name>
         <value>0x330f3c</value>
         <object_component_ref idref="oc-12b"/>
      </symbol>
      <symbol id="sm-39b">
         <name>_ServiceDog</name>
         <value>0x330e7e</value>
         <object_component_ref idref="oc-12b"/>
      </symbol>
      <symbol id="sm-39d">
         <name>_InitSysCtrl</name>
         <value>0x330e75</value>
         <object_component_ref idref="oc-12b"/>
      </symbol>
      <symbol id="sm-3b3">
         <name>_DSP28x_usDelay</name>
         <value>0x33122b</value>
         <object_component_ref idref="oc-f1"/>
      </symbol>
      <symbol id="sm-3ce">
         <name>_c_int00</name>
         <value>0x3310cf</value>
         <object_component_ref idref="oc-46"/>
      </symbol>
      <symbol id="sm-3cf">
         <name>__stack</name>
         <value>0x400</value>
         <object_component_ref idref="oc-f6"/>
      </symbol>
      <symbol id="sm-3de">
         <name>_copy_in</name>
         <value>0x331176</value>
         <object_component_ref idref="oc-122"/>
      </symbol>
      <symbol id="sm-3f0">
         <name>_memcpy</name>
         <value>0x3311ba</value>
         <object_component_ref idref="oc-127"/>
      </symbol>
      <symbol id="sm-3fd">
         <name>__system_pre_init</name>
         <value>0x3311fa</value>
         <object_component_ref idref="oc-121"/>
      </symbol>
      <symbol id="sm-40b">
         <name>__system_post_cinit</name>
         <value>0x3311fc</value>
         <object_component_ref idref="oc-123"/>
      </symbol>
      <symbol id="sm-420">
         <name>C$$EXIT</name>
         <value>0x331125</value>
         <object_component_ref idref="oc-125"/>
      </symbol>
      <symbol id="sm-421">
         <name>_exit</name>
         <value>0x331127</value>
         <object_component_ref idref="oc-125"/>
      </symbol>
      <symbol id="sm-423">
         <name>___TI_cleanup_ptr</name>
         <value>0xd126</value>
         <object_component_ref idref="oc-112"/>
      </symbol>
      <symbol id="sm-424">
         <name>___TI_enable_exit_profile_output</name>
         <value>0xd124</value>
         <object_component_ref idref="oc-112"/>
      </symbol>
      <symbol id="sm-425">
         <name>_abort</name>
         <value>0x331125</value>
         <object_component_ref idref="oc-125"/>
      </symbol>
      <symbol id="sm-427">
         <name>___TI_dtors_ptr</name>
         <value>0xd128</value>
         <object_component_ref idref="oc-112"/>
      </symbol>
      <symbol id="sm-43b">
         <name>__unlock</name>
         <value>0xd12c</value>
         <object_component_ref idref="oc-135"/>
      </symbol>
      <symbol id="sm-43c">
         <name>__lock</name>
         <value>0xd12a</value>
         <object_component_ref idref="oc-129"/>
      </symbol>
      <symbol id="sm-43d">
         <name>__register_lock</name>
         <value>0x3311ed</value>
         <object_component_ref idref="oc-130"/>
      </symbol>
      <symbol id="sm-43f">
         <name>__nop</name>
         <value>0x3311f1</value>
         <object_component_ref idref="oc-130"/>
      </symbol>
      <symbol id="sm-441">
         <name>__register_unlock</name>
         <value>0x3311e9</value>
         <object_component_ref idref="oc-130"/>
      </symbol>
      <symbol id="sm-451">
         <name>__args_main</name>
         <value>0x3311d7</value>
         <object_component_ref idref="oc-124"/>
      </symbol>
   </symbol_table>
   <title>Link successful</title>
</link_info>
