******************************************************************************
             TMS320C2000 Linker PC v20.2.5                     
******************************************************************************
>> Linked Fri Dec 22 09:53:37 2023

OUTPUT FILE NAME:   <project.out>
ENTRY POINT SYMBOL: "_c_int00"  address: 00330fe8


MEMORY CONFIGURATION

         name            origin    length      used     unused   attr    fill
----------------------  --------  ---------  --------  --------  ----  --------
PAGE 0:
  RAML0                 00008000   00001000  00000000  00001000  RWIX
  RAML1                 00009000   00001000  00000000  00001000  RWIX
  RAML2                 0000a000   00001000  00000000  00001000  RWIX
  RAML3                 0000b000   00001000  00000000  00001000  RWIX
  FLASHH                00300000   00008000  00000000  00008000  RWIX
  FLASHG                00308000   00008000  00000000  00008000  RWIX
  FLASHF                00310000   00008000  00000000  00008000  RWIX
  FLASHE                00318000   00008000  00000000  00008000  RWIX
  FLASHD                00320000   00008000  00000000  00008000  RWIX
  FLASHC                00328000   00008000  00000000  00008000  RWIX
  FLASHB                00330000   00008000  0000117a  00006e86  RWIX
  FLASHA                00338000   00007f80  00000000  00007f80  RWIX
  CSM_RSVD              0033ff80   00000076  00000000  00000076  RWIX
  BEGIN                 0033fff6   00000002  00000002  00000000  RWIX
  CSM_PWL               0033fff8   00000008  00000000  00000008  RWIX
  ADC_CAL               00380080   00000009  00000007  00000002  RWIX
  OTP                   00380400   00000400  00000000  00000400  RWIX
  IQTABLES              003fe000   00000b50  00000000  00000b50  RWIX
  IQTABLES2             003feb50   0000008c  00000000  0000008c  RWIX
  FPUTABLES             003febdc   000006a0  00000000  000006a0  RWIX
  ROM                   003ff27c   00000d44  00000000  00000d44  RWIX
  RESET                 003fffc0   00000002  00000000  00000002  RWIX
  VECTORS               003fffc2   0000003e  00000000  0000003e  RWIX

PAGE 1:
  BOOT_RSVD             00000000   00000050  00000000  00000050  RWIX
  RAMM0                 00000050   000003b0  00000000  000003b0  RWIX
  RAMM1                 00000400   00000400  00000300  00000100  RWIX
  DEV_EMU               00000880   00000180  000000d0  000000b0  RWIX
  FLASH_REGS            00000a80   00000060  00000008  00000058  RWIX
  CSM                   00000ae0   00000010  00000010  00000000  RWIX
  ADC_MIRROR            00000b00   00000010  00000010  00000000  RWIX
  XINTF                 00000b20   00000020  0000001e  00000002  RWIX
  CPU_TIMER0            00000c00   00000008  00000008  00000000  RWIX
  CPU_TIMER1            00000c08   00000008  00000008  00000000  RWIX
  CPU_TIMER2            00000c10   00000008  00000008  00000000  RWIX
  PIE_CTRL              00000ce0   00000020  0000001a  00000006  RWIX
  PIE_VECT              00000d00   00000100  00000100  00000000  RWIX
  DMA                   00001000   00000200  000000e0  00000120  RWIX
  MCBSPA                00005000   00000040  00000025  0000001b  RWIX
  MCBSPB                00005040   00000040  00000025  0000001b  RWIX
  ECANA                 00006000   00000040  00000034  0000000c  RWIX
  ECANA_LAM             00006040   00000040  00000040  00000000  RWIX
  ECANA_MOTS            00006080   00000040  00000040  00000000  RWIX
  ECANA_MOTO            000060c0   00000040  00000040  00000000  RWIX
  ECANA_MBOX            00006100   00000100  00000100  00000000  RWIX
  ECANB                 00006200   00000040  00000034  0000000c  RWIX
  ECANB_LAM             00006240   00000040  00000040  00000000  RWIX
  ECANB_MOTS            00006280   00000040  00000040  00000000  RWIX
  ECANB_MOTO            000062c0   00000040  00000040  00000000  RWIX
  ECANB_MBOX            00006300   00000100  00000100  00000000  RWIX
  EPWM1                 00006800   00000022  00000022  00000000  RWIX
  EPWM2                 00006840   00000022  00000022  00000000  RWIX
  EPWM3                 00006880   00000022  00000022  00000000  RWIX
  EPWM4                 000068c0   00000022  00000022  00000000  RWIX
  EPWM5                 00006900   00000022  00000022  00000000  RWIX
  EPWM6                 00006940   00000022  00000022  00000000  RWIX
  ECAP1                 00006a00   00000020  00000020  00000000  RWIX
  ECAP2                 00006a20   00000020  00000020  00000000  RWIX
  ECAP3                 00006a40   00000020  00000020  00000000  RWIX
  ECAP4                 00006a60   00000020  00000020  00000000  RWIX
  ECAP5                 00006a80   00000020  00000020  00000000  RWIX
  ECAP6                 00006aa0   00000020  00000020  00000000  RWIX
  EQEP1                 00006b00   00000040  00000040  00000000  RWIX
  EQEP2                 00006b40   00000040  00000040  00000000  RWIX
  GPIOCTRL              00006f80   00000040  0000002e  00000012  RWIX
  GPIODAT               00006fc0   00000020  00000020  00000000  RWIX
  GPIOINT               00006fe0   00000020  0000000a  00000016  RWIX
  SYSTEM                00007010   00000020  00000020  00000000  RWIX
  SPIA                  00007040   00000010  00000010  00000000  RWIX
  SCIA                  00007050   00000010  00000010  00000000  RWIX
  XINTRUPT              00007070   00000010  00000010  00000000  RWIX
  ADC                   00007100   00000020  0000001e  00000002  RWIX
  SCIB                  00007750   00000010  00000010  00000000  RWIX
  SCIC                  00007770   00000010  00000010  00000000  RWIX
  I2CA                  00007900   00000040  00000022  0000001e  RWIX
  RAML4                 0000c000   00001000  00000000  00001000  RWIX
  RAML5                 0000d000   00001000  0000012e  00000ed2  RWIX
  RAML6                 0000e000   00001000  00000000  00001000  RWIX
  RAML7                 0000f000   00001000  00000000  00001000  RWIX
  CSM_PWL               0033fff8   00000008  00000008  00000000  RWIX


SECTION ALLOCATION MAP

 output                                  attributes/
section   page    origin      length       input sections
--------  ----  ----------  ----------   ----------------
.cinit     0    00331148    0000002e     
                  00331148    00000014     main.obj (.cinit)
                  0033115c    0000000e     rts2800_fpu32.lib : exit.c.obj (.cinit)
                  0033116a    00000005                       : _lock.c.obj (.cinit:__lock)
                  0033116f    00000005                       : _lock.c.obj (.cinit:__unlock)
                  00331174    00000002     --HOLE-- [fill = 0]

ramfuncs   0    00331176    00000004     
                  00331176    00000004     DSP2833x_usDelay.obj (ramfuncs)

DevEmuRegsFile 
*          1    00000880    000000d0     UNINITIALIZED
                  00000880    000000d0     DSP2833x_GlobalVariableDefs.obj (DevEmuRegsFile)

FlashRegsFile 
*          1    00000a80    00000008     UNINITIALIZED
                  00000a80    00000008     DSP2833x_GlobalVariableDefs.obj (FlashRegsFile)

CsmRegsFile 
*          1    00000ae0    00000010     UNINITIALIZED
                  00000ae0    00000010     DSP2833x_GlobalVariableDefs.obj (CsmRegsFile)

AdcMirrorFile 
*          1    00000b00    00000010     UNINITIALIZED
                  00000b00    00000010     DSP2833x_GlobalVariableDefs.obj (AdcMirrorFile)

XintfRegsFile 
*          1    00000b20    0000001e     UNINITIALIZED
                  00000b20    0000001e     DSP2833x_GlobalVariableDefs.obj (XintfRegsFile)

CpuTimer0RegsFile 
*          1    00000c00    00000008     UNINITIALIZED
                  00000c00    00000008     DSP2833x_GlobalVariableDefs.obj (CpuTimer0RegsFile)

CpuTimer1RegsFile 
*          1    00000c08    00000008     UNINITIALIZED
                  00000c08    00000008     DSP2833x_GlobalVariableDefs.obj (CpuTimer1RegsFile)

CpuTimer2RegsFile 
*          1    00000c10    00000008     UNINITIALIZED
                  00000c10    00000008     DSP2833x_GlobalVariableDefs.obj (CpuTimer2RegsFile)

PieCtrlRegsFile 
*          1    00000ce0    0000001a     UNINITIALIZED
                  00000ce0    0000001a     DSP2833x_GlobalVariableDefs.obj (PieCtrlRegsFile)

PieVectTableFile 
*          1    00000d00    00000100     UNINITIALIZED
                  00000d00    00000100     DSP2833x_GlobalVariableDefs.obj (PieVectTableFile)

DmaRegsFile 
*          1    00001000    000000e0     UNINITIALIZED
                  00001000    000000e0     DSP2833x_GlobalVariableDefs.obj (DmaRegsFile)

McbspaRegsFile 
*          1    00005000    00000025     UNINITIALIZED
                  00005000    00000025     DSP2833x_GlobalVariableDefs.obj (McbspaRegsFile)

McbspbRegsFile 
*          1    00005040    00000025     UNINITIALIZED
                  00005040    00000025     DSP2833x_GlobalVariableDefs.obj (McbspbRegsFile)

ECanaRegsFile 
*          1    00006000    00000034     UNINITIALIZED
                  00006000    00000034     DSP2833x_GlobalVariableDefs.obj (ECanaRegsFile)

ECanaLAMRegsFile 
*          1    00006040    00000040     UNINITIALIZED
                  00006040    00000040     DSP2833x_GlobalVariableDefs.obj (ECanaLAMRegsFile)

ECanaMOTSRegsFile 
*          1    00006080    00000040     UNINITIALIZED
                  00006080    00000040     DSP2833x_GlobalVariableDefs.obj (ECanaMOTSRegsFile)

ECanaMOTORegsFile 
*          1    000060c0    00000040     UNINITIALIZED
                  000060c0    00000040     DSP2833x_GlobalVariableDefs.obj (ECanaMOTORegsFile)

ECanaMboxesFile 
*          1    00006100    00000100     UNINITIALIZED
                  00006100    00000100     DSP2833x_GlobalVariableDefs.obj (ECanaMboxesFile)

ECanbRegsFile 
*          1    00006200    00000034     UNINITIALIZED
                  00006200    00000034     DSP2833x_GlobalVariableDefs.obj (ECanbRegsFile)

ECanbLAMRegsFile 
*          1    00006240    00000040     UNINITIALIZED
                  00006240    00000040     DSP2833x_GlobalVariableDefs.obj (ECanbLAMRegsFile)

ECanbMOTSRegsFile 
*          1    00006280    00000040     UNINITIALIZED
                  00006280    00000040     DSP2833x_GlobalVariableDefs.obj (ECanbMOTSRegsFile)

ECanbMOTORegsFile 
*          1    000062c0    00000040     UNINITIALIZED
                  000062c0    00000040     DSP2833x_GlobalVariableDefs.obj (ECanbMOTORegsFile)

ECanbMboxesFile 
*          1    00006300    00000100     UNINITIALIZED
                  00006300    00000100     DSP2833x_GlobalVariableDefs.obj (ECanbMboxesFile)

EPwm1RegsFile 
*          1    00006800    00000022     UNINITIALIZED
                  00006800    00000022     DSP2833x_GlobalVariableDefs.obj (EPwm1RegsFile)

EPwm2RegsFile 
*          1    00006840    00000022     UNINITIALIZED
                  00006840    00000022     DSP2833x_GlobalVariableDefs.obj (EPwm2RegsFile)

EPwm3RegsFile 
*          1    00006880    00000022     UNINITIALIZED
                  00006880    00000022     DSP2833x_GlobalVariableDefs.obj (EPwm3RegsFile)

EPwm4RegsFile 
*          1    000068c0    00000022     UNINITIALIZED
                  000068c0    00000022     DSP2833x_GlobalVariableDefs.obj (EPwm4RegsFile)

EPwm5RegsFile 
*          1    00006900    00000022     UNINITIALIZED
                  00006900    00000022     DSP2833x_GlobalVariableDefs.obj (EPwm5RegsFile)

EPwm6RegsFile 
*          1    00006940    00000022     UNINITIALIZED
                  00006940    00000022     DSP2833x_GlobalVariableDefs.obj (EPwm6RegsFile)

ECap1RegsFile 
*          1    00006a00    00000020     UNINITIALIZED
                  00006a00    00000020     DSP2833x_GlobalVariableDefs.obj (ECap1RegsFile)

ECap2RegsFile 
*          1    00006a20    00000020     UNINITIALIZED
                  00006a20    00000020     DSP2833x_GlobalVariableDefs.obj (ECap2RegsFile)

ECap3RegsFile 
*          1    00006a40    00000020     UNINITIALIZED
                  00006a40    00000020     DSP2833x_GlobalVariableDefs.obj (ECap3RegsFile)

ECap4RegsFile 
*          1    00006a60    00000020     UNINITIALIZED
                  00006a60    00000020     DSP2833x_GlobalVariableDefs.obj (ECap4RegsFile)

ECap5RegsFile 
*          1    00006a80    00000020     UNINITIALIZED
                  00006a80    00000020     DSP2833x_GlobalVariableDefs.obj (ECap5RegsFile)

ECap6RegsFile 
*          1    00006aa0    00000020     UNINITIALIZED
                  00006aa0    00000020     DSP2833x_GlobalVariableDefs.obj (ECap6RegsFile)

EQep1RegsFile 
*          1    00006b00    00000040     UNINITIALIZED
                  00006b00    00000040     DSP2833x_GlobalVariableDefs.obj (EQep1RegsFile)

EQep2RegsFile 
*          1    00006b40    00000040     UNINITIALIZED
                  00006b40    00000040     DSP2833x_GlobalVariableDefs.obj (EQep2RegsFile)

GpioCtrlRegsFile 
*          1    00006f80    0000002e     UNINITIALIZED
                  00006f80    0000002e     DSP2833x_GlobalVariableDefs.obj (GpioCtrlRegsFile)

GpioDataRegsFile 
*          1    00006fc0    00000020     UNINITIALIZED
                  00006fc0    00000020     DSP2833x_GlobalVariableDefs.obj (GpioDataRegsFile)

GpioIntRegsFile 
*          1    00006fe0    0000000a     UNINITIALIZED
                  00006fe0    0000000a     DSP2833x_GlobalVariableDefs.obj (GpioIntRegsFile)

SysCtrlRegsFile 
*          1    00007010    00000020     UNINITIALIZED
                  00007010    00000020     DSP2833x_GlobalVariableDefs.obj (SysCtrlRegsFile)

SpiaRegsFile 
*          1    00007040    00000010     UNINITIALIZED
                  00007040    00000010     DSP2833x_GlobalVariableDefs.obj (SpiaRegsFile)

SciaRegsFile 
*          1    00007050    00000010     UNINITIALIZED
                  00007050    00000010     DSP2833x_GlobalVariableDefs.obj (SciaRegsFile)

XIntruptRegsFile 
*          1    00007070    00000010     UNINITIALIZED
                  00007070    00000010     DSP2833x_GlobalVariableDefs.obj (XIntruptRegsFile)

AdcRegsFile 
*          1    00007100    0000001e     UNINITIALIZED
                  00007100    0000001e     DSP2833x_GlobalVariableDefs.obj (AdcRegsFile)

ScibRegsFile 
*          1    00007750    00000010     UNINITIALIZED
                  00007750    00000010     DSP2833x_GlobalVariableDefs.obj (ScibRegsFile)

ScicRegsFile 
*          1    00007770    00000010     UNINITIALIZED
                  00007770    00000010     DSP2833x_GlobalVariableDefs.obj (ScicRegsFile)

I2caRegsFile 
*          1    00007900    00000022     UNINITIALIZED
                  00007900    00000022     DSP2833x_GlobalVariableDefs.obj (I2caRegsFile)

CsmPwlFile 
*          1    0033fff8    00000008     UNINITIALIZED
                  0033fff8    00000008     DSP2833x_GlobalVariableDefs.obj (CsmPwlFile)

.pinit     0    00330000    00000000     UNINITIALIZED

.text      0    00330920    00000828     
                  00330920    00000323     DSP2833x_DefaultIsr.obj (.text:retain)
                  00330c43    0000023a     oled.obj (.text)
                  00330e7d    000000f8     DSP2833x_SysCtrl.obj (.text)
                  00330f75    00000073     main.obj (.text:retain)
                  00330fe8    00000056     rts2800_fpu32.lib : boot28.asm.obj (.text)
                  0033103e    00000032     main.obj (.text)
                  00331070    00000029     rts2800_fpu32.lib : exit.c.obj (.text)
                  00331099    00000028     DSP2833x_PieCtrl.obj (.text)
                  003310c1    00000024     rts2800_fpu32.lib : cpy_tbl.c.obj (.text)
                  003310e5    00000020     DSP2833x_PieVect.obj (.text)
                  00331105    0000001d     rts2800_fpu32.lib : memcpy.c.obj (.text)
                  00331122    00000012                       : args_main.c.obj (.text)
                  00331134    00000009                       : _lock.c.obj (.text)
                  0033113d    00000008     DSP2833x_CodeStartBranch.obj (.text)
                  00331145    00000002     rts2800_fpu32.lib : pre_init.c.obj (.text)
                  00331147    00000001                       : startup.c.obj (.text)

codestart 
*          0    0033fff6    00000002     
                  0033fff6    00000002     DSP2833x_CodeStartBranch.obj (codestart)

.stack     1    00000400    00000300     UNINITIALIZED
                  00000400    00000300     --HOLE--

.ebss      1    0000d000    0000012e     UNINITIALIZED
                  0000d000    00000100     main.obj (.ebss:_ReceivedData)
                  0000d100    00000018     DSP2833x_CpuTimers.obj (.ebss)
                  0000d118    0000000a     main.obj (.ebss)
                  0000d122    00000006     rts2800_fpu32.lib : exit.c.obj (.ebss)
                  0000d128    00000002                       : _lock.c.obj (.ebss:__lock)
                  0000d12a    00000002                       : _lock.c.obj (.ebss:__unlock)
                  0000d12c    00000001     oled.obj (.ebss)
                  0000d12d    00000001     w25q64.obj (.ebss)

.econst    0    00330000    00000920     
                  00330000    000005f0     oled.obj (.econst:.string:_F8X16)
                  003305f0    00000228     oled.obj (.econst:_F6x8)
                  00330818    00000100     DSP2833x_PieVect.obj (.econst:_PieVectTableInit)
                  00330918    00000008     main.obj (.econst:.string:_$P$T0$1)

.reset     0    003fffc0    00000002     DSECT
                  003fffc0    00000002     rts2800_fpu32.lib : boot28.asm.obj (.reset)

vectors    0    003fffc2    00000000     DSECT

.adc_cal   0    00380080    00000007     NOLOAD SECTION
                  00380080    00000007     DSP2833x_ADC_cal.obj (.adc_cal)

MODULE SUMMARY

       Module                            code   initialized data   uninitialized data
       ------                            ----   ----------------   ------------------
    .\
       main.obj                          165    28                 266               
    +--+---------------------------------+------+------------------+--------------------+
       Total:                            165    28                 266               
                                                                                     
    .\Hardware\src\
       oled.obj                          570    2072               1                 
       w25q64.obj                        0      0                  1                 
    +--+---------------------------------+------+------------------+--------------------+
       Total:                            570    2072               2                 
                                                                                     
    .\Lib\src\
       DSP2833x_GlobalVariableDefs.obj   0      0                  2678              
       DSP2833x_DefaultIsr.obj           803    0                  0                 
       DSP2833x_PieVect.obj              32     256                0                 
       DSP2833x_SysCtrl.obj              248    0                  0                 
       DSP2833x_PieCtrl.obj              40     0                  0                 
       DSP2833x_CpuTimers.obj            0      0                  24                
       DSP2833x_CodeStartBranch.obj      10     0                  0                 
       DSP2833x_ADC_cal.obj              7      0                  0                 
       DSP2833x_usDelay.obj              4      0                  0                 
    +--+---------------------------------+------+------------------+--------------------+
       Total:                            1144   256                2702              
                                                                                     
    E:\ccstdio10\ccs\tools\compiler\ti-cgt-c2000_20.2.5.LTS\lib\rts2800_fpu32.lib
       boot28.asm.obj                    86     0                  0                 
       exit.c.obj                        41     14                 6                 
       cpy_tbl.c.obj                     36     0                  0                 
       memcpy.c.obj                      29     0                  0                 
       _lock.c.obj                       9      10                 4                 
       args_main.c.obj                   18     0                  0                 
       pre_init.c.obj                    2      0                  0                 
       startup.c.obj                     1      0                  0                 
    +--+---------------------------------+------+------------------+--------------------+
       Total:                            222    24                 10                
                                                                                     
       Stack:                            0      0                  768               
    +--+---------------------------------+------+------------------+--------------------+
       Grand Total:                      2101   2380               3748              


GLOBAL DATA SYMBOLS: SORTED BY DATA PAGE

address     data page           name
--------    ----------------    ----
00000400      10 (00000400)     __stack

00000880      22 (00000880)     _DevEmuRegs

00000a80      2a (00000a80)     _FlashRegs

00000ae0      2b (00000ac0)     _CsmRegs

00000b00      2c (00000b00)     _AdcMirror
00000b20      2c (00000b00)     _XintfRegs

00000c00      30 (00000c00)     _CpuTimer0Regs
00000c08      30 (00000c00)     _CpuTimer1Regs
00000c10      30 (00000c00)     _CpuTimer2Regs

00000ce0      33 (00000cc0)     _PieCtrlRegs

00000d00      34 (00000d00)     _PieVectTable

00001000      40 (00001000)     _DmaRegs

00005000     140 (00005000)     _McbspaRegs

00005040     141 (00005040)     _McbspbRegs

00006000     180 (00006000)     _ECanaRegs

00006040     181 (00006040)     _ECanaLAMRegs

00006080     182 (00006080)     _ECanaMOTSRegs

000060c0     183 (000060c0)     _ECanaMOTORegs

00006100     184 (00006100)     _ECanaMboxes

00006200     188 (00006200)     _ECanbRegs

00006240     189 (00006240)     _ECanbLAMRegs

00006280     18a (00006280)     _ECanbMOTSRegs

000062c0     18b (000062c0)     _ECanbMOTORegs

00006300     18c (00006300)     _ECanbMboxes

00006800     1a0 (00006800)     _EPwm1Regs

00006840     1a1 (00006840)     _EPwm2Regs

00006880     1a2 (00006880)     _EPwm3Regs

000068c0     1a3 (000068c0)     _EPwm4Regs

00006900     1a4 (00006900)     _EPwm5Regs

00006940     1a5 (00006940)     _EPwm6Regs

00006a00     1a8 (00006a00)     _ECap1Regs
00006a20     1a8 (00006a00)     _ECap2Regs

00006a40     1a9 (00006a40)     _ECap3Regs
00006a60     1a9 (00006a40)     _ECap4Regs

00006a80     1aa (00006a80)     _ECap5Regs
00006aa0     1aa (00006a80)     _ECap6Regs

00006b00     1ac (00006b00)     _EQep1Regs

00006b40     1ad (00006b40)     _EQep2Regs

00006f80     1be (00006f80)     _GpioCtrlRegs

00006fc0     1bf (00006fc0)     _GpioDataRegs
00006fe0     1bf (00006fc0)     _GpioIntRegs

00007010     1c0 (00007000)     _SysCtrlRegs

00007040     1c1 (00007040)     _SpiaRegs
00007050     1c1 (00007040)     _SciaRegs
00007070     1c1 (00007040)     _XIntruptRegs

00007100     1c4 (00007100)     _AdcRegs

00007750     1dd (00007740)     _ScibRegs
00007770     1dd (00007740)     _ScicRegs

00007900     1e4 (00007900)     _I2caRegs

0000d000     340 (0000d000)     _ReceivedData

0000d100     344 (0000d100)     _CpuTimer0
0000d108     344 (0000d100)     _CpuTimer1
0000d110     344 (0000d100)     _CpuTimer2
0000d118     344 (0000d100)     _PWM_count
0000d119     344 (0000d100)     _PWM_direction
0000d11a     344 (0000d100)     _DataLength
0000d11b     344 (0000d100)     _DataIndex
0000d11c     344 (0000d100)     _IsReceiving
0000d11e     344 (0000d100)     _WakeCount
0000d120     344 (0000d100)     _LoopCount
0000d122     344 (0000d100)     ___TI_enable_exit_profile_output
0000d124     344 (0000d100)     ___TI_cleanup_ptr
0000d126     344 (0000d100)     ___TI_dtors_ptr
0000d128     344 (0000d100)     __lock
0000d12a     344 (0000d100)     __unlock
0000d12c     344 (0000d100)     _eromrw_err
0000d12d     344 (0000d100)     _gSpiTimeoutCounts

00330000    cc00 (00330000)     _F8X16

003305f0    cc17 (003305c0)     _F6x8

00330818    cc20 (00330800)     _PieVectTableInit

0033fff8    cfff (0033ffc0)     _CsmPwl


GLOBAL SYMBOLS: SORTED ALPHABETICALLY BY Name 

page  address   name                            
----  -------   ----                            
0     00330920  .text                           
0     00331070  C$$EXIT                         
0     00330a06  _ADCINT_ISR                     
0     00380080  _ADC_cal                        
1     00000b00  _AdcMirror                      
1     00007100  _AdcRegs                        
1     0000d100  _CpuTimer0                      
1     00000c00  _CpuTimer0Regs                  
1     0000d108  _CpuTimer1                      
1     00000c08  _CpuTimer1Regs                  
1     0000d110  _CpuTimer2                      
1     00000c10  _CpuTimer2Regs                  
1     0033fff8  _CsmPwl                         
1     00000ae0  _CsmRegs                        
0     00330f44  _CsmUnlock                      
0     00330934  _DATALOG_ISR                    
0     00330b28  _DINTCH1_ISR                    
0     00330b32  _DINTCH2_ISR                    
0     00330b3c  _DINTCH3_ISR                    
0     00330b46  _DINTCH4_ISR                    
0     00330b50  _DINTCH5_ISR                    
0     00330b5a  _DINTCH6_ISR                    
0     00331176  _DSP28x_usDelay                 
1     0000d11b  _DataIndex                      
1     0000d11a  _DataLength                     
1     00000880  _DevEmuRegs                     
0     00330e90  _DisableDog                     
1     00001000  _DmaRegs                        
0     00330bb4  _ECAN0INTA_ISR                  
0     00330bc8  _ECAN0INTB_ISR                  
0     00330bbe  _ECAN1INTA_ISR                  
0     00330bd2  _ECAN1INTB_ISR                  
0     00330a9c  _ECAP1_INT_ISR                  
0     00330aa6  _ECAP2_INT_ISR                  
0     00330ab0  _ECAP3_INT_ISR                  
0     00330aba  _ECAP4_INT_ISR                  
0     00330ac4  _ECAP5_INT_ISR                  
0     00330ace  _ECAP6_INT_ISR                  
1     00006040  _ECanaLAMRegs                   
1     000060c0  _ECanaMOTORegs                  
1     00006080  _ECanaMOTSRegs                  
1     00006100  _ECanaMboxes                    
1     00006000  _ECanaRegs                      
1     00006240  _ECanbLAMRegs                   
1     000062c0  _ECanbMOTORegs                  
1     00006280  _ECanbMOTSRegs                  
1     00006300  _ECanbMboxes                    
1     00006200  _ECanbRegs                      
1     00006a00  _ECap1Regs                      
1     00006a20  _ECap2Regs                      
1     00006a40  _ECap3Regs                      
1     00006a60  _ECap4Regs                      
1     00006a80  _ECap5Regs                      
1     00006aa0  _ECap6Regs                      
0     00330c22  _EMPTY_ISR                      
0     00330948  _EMUINT_ISR                     
0     00330a60  _EPWM1_INT_ISR                  
0     00330a24  _EPWM1_TZINT_ISR                
0     00330a6a  _EPWM2_INT_ISR                  
0     00330a2e  _EPWM2_TZINT_ISR                
0     00330a74  _EPWM3_INT_ISR                  
0     00330a38  _EPWM3_TZINT_ISR                
0     00330a7e  _EPWM4_INT_ISR                  
0     00330a42  _EPWM4_TZINT_ISR                
0     00330a88  _EPWM5_INT_ISR                  
0     00330a4c  _EPWM5_TZINT_ISR                
0     00330a92  _EPWM6_INT_ISR                  
0     00330a56  _EPWM6_TZINT_ISR                
1     00006800  _EPwm1Regs                      
1     00006840  _EPwm2Regs                      
1     00006880  _EPwm3Regs                      
1     000068c0  _EPwm4Regs                      
1     00006900  _EPwm5Regs                      
1     00006940  _EPwm6Regs                      
0     00330ad8  _EQEP1_INT_ISR                  
0     00330ae2  _EQEP2_INT_ISR                  
1     00006b00  _EQep1Regs                      
1     00006b40  _EQep2Regs                      
0     003310b8  _EnableInterrupts               
0     003305f0  _F6x8                           
0     00330000  _F8X16                          
1     00000a80  _FlashRegs                      
1     00006f80  _GpioCtrlRegs                   
1     00006fc0  _GpioDataRegs                   
1     00006fe0  _GpioIntRegs                    
0     00330b64  _I2CINT1A_ISR                   
0     00330b6e  _I2CINT2A_ISR                   
1     00007900  _I2caRegs                       
0     0033095c  _ILLEGAL_ISR                    
0     00330920  _INT13_ISR                      
0     0033092a  _INT14_ISR                      
0     00330ee9  _InitPeripheralClocks           
0     00331099  _InitPieCtrl                    
0     003310e5  _InitPieVectTable               
0     00330e98  _InitPll                        
0     00330e7d  _InitSysCtrl                    
1     0000d11c  _IsReceiving                    
0     00330c18  _LUF_ISR                        
0     00330c0e  _LVF_ISR                        
1     0000d120  _LoopCount                      
0     00330b14  _MRINTA_ISR                     
0     00330b00  _MRINTB_ISR                     
0     00330b1e  _MXINTA_ISR                     
0     00330b0a  _MXINTB_ISR                     
1     00005000  _McbspaRegs                     
1     00005040  _McbspbRegs                     
0     00330952  _NMI_ISR                        
0     00330d94  _OLED_Clean                     
0     00330d73  _OLED_Fill                      
0     00330dac  _OLED_Init                      
0     00330da2  _OLED_OFF                       
0     00330d98  _OLED_ON                        
0     00330e08  _OLED_ShowStr                   
0     00330c2f  _PIE_RESERVED                   
1     0000d118  _PWM_count                      
1     0000d119  _PWM_direction                  
1     00000ce0  _PieCtrlRegs                    
1     00000d00  _PieVectTable                   
0     00330818  _PieVectTableInit               
0     0033093e  _RTOSINT_ISR                    
1     0000d000  _ReceivedData                   
0     00330b8c  _SCIRXINTA_ISR                  
0     00330ba0  _SCIRXINTB_ISR                  
0     00330b78  _SCIRXINTC_ISR                  
0     00330b96  _SCITXINTA_ISR                  
0     00330baa  _SCITXINTB_ISR                  
0     00330b82  _SCITXINTC_ISR                  
0     003309de  _SEQ1INT_ISR                    
0     003309e8  _SEQ2INT_ISR                    
0     00330aec  _SPIRXINTA_ISR                  
0     00330af6  _SPITXINTA_ISR                  
1     00007050  _SciaRegs                       
1     00007750  _ScibRegs                       
1     00007770  _ScicRegs                       
0     00330e86  _ServiceDog                     
0     00330d5f  _SetPos                         
1     00007040  _SpiaRegs                       
1     00007010  _SysCtrlRegs                    
0     00330a10  _TINT0_ISR                      
0     003309c0  _USER10_ISR                     
0     003309ca  _USER11_ISR                     
0     003309d4  _USER12_ISR                     
0     00330966  _USER1_ISR                      
0     00330970  _USER2_ISR                      
0     0033097a  _USER3_ISR                      
0     00330984  _USER4_ISR                      
0     0033098e  _USER5_ISR                      
0     00330998  _USER6_ISR                      
0     003309a2  _USER7_ISR                      
0     003309ac  _USER8_ISR                      
0     003309b6  _USER9_ISR                      
0     00330a1a  _WAKEINT_ISR                    
1     0000d11e  _WakeCount                      
0     00330d4f  _WriteCmd                       
0     00330d57  _WriteDat                       
0     003309f2  _XINT1_ISR                      
0     003309fc  _XINT2_ISR                      
0     00330bdc  _XINT3_ISR                      
0     00330be6  _XINT4_ISR                      
0     00330bf0  _XINT5_ISR                      
0     00330bfa  _XINT6_ISR                      
0     00330c04  _XINT7_ISR                      
1     00007070  _XIntruptRegs                   
1     00000b20  _XintfRegs                      
1     00000700  __STACK_END                     
abs   00000300  __STACK_SIZE                    
1     0000d124  ___TI_cleanup_ptr               
1     0000d126  ___TI_dtors_ptr                 
1     0000d122  ___TI_enable_exit_profile_output
abs   ffffffff  ___TI_pprof_out_hndl            
abs   ffffffff  ___TI_prof_data_size            
abs   ffffffff  ___TI_prof_data_start           
abs   ffffffff  ___binit__                      
abs   ffffffff  ___c_args__                     
0     00331148  ___cinit__                      
0     00331148  ___etext__                      
abs   ffffffff  ___pinit__                      
0     00330920  ___text__                       
0     00331122  __args_main                     
1     0000d128  __lock                          
0     0033113c  __nop                           
0     00331138  __register_lock                 
0     00331134  __register_unlock               
1     00000400  __stack                         
0     00331147  __system_post_cinit             
0     00331145  __system_pre_init               
1     0000d12a  __unlock                        
0     00331070  _abort                          
0     00330cab  _ack                            
0     00330c7b  _begintrans                     
0     00330cd9  _bytein                         
0     00330d10  _byteout                        
0     00330fe8  _c_int00                        
0     003310c1  _copy_in                        
0     00330c69  _delay1                         
0     00330fc2  _epwm1_isr                      
1     0000d12c  _eromrw_err                     
0     00331072  _exit                           
1     0000d12d  _gSpiTimeoutCounts              
0     0033103e  _main                           
0     00331105  _memcpy                         
0     00330c39  _rsvd_ISR                       
0     00330f8b  _scia_Rx_isr                    
0     00330c94  _stoptrans                      
0     00330f75  _wakeint_isr                    
abs   ffffffff  binit                           
0     00331148  cinit                           
0     0033fff6  code_start                      
0     00331148  etext                           
abs   ffffffff  pinit                           


GLOBAL SYMBOLS: SORTED BY Symbol Address 

page  address   name                            
----  -------   ----                            
0     00330000  _F8X16                          
0     003305f0  _F6x8                           
0     00330818  _PieVectTableInit               
0     00330920  .text                           
0     00330920  _INT13_ISR                      
0     00330920  ___text__                       
0     0033092a  _INT14_ISR                      
0     00330934  _DATALOG_ISR                    
0     0033093e  _RTOSINT_ISR                    
0     00330948  _EMUINT_ISR                     
0     00330952  _NMI_ISR                        
0     0033095c  _ILLEGAL_ISR                    
0     00330966  _USER1_ISR                      
0     00330970  _USER2_ISR                      
0     0033097a  _USER3_ISR                      
0     00330984  _USER4_ISR                      
0     0033098e  _USER5_ISR                      
0     00330998  _USER6_ISR                      
0     003309a2  _USER7_ISR                      
0     003309ac  _USER8_ISR                      
0     003309b6  _USER9_ISR                      
0     003309c0  _USER10_ISR                     
0     003309ca  _USER11_ISR                     
0     003309d4  _USER12_ISR                     
0     003309de  _SEQ1INT_ISR                    
0     003309e8  _SEQ2INT_ISR                    
0     003309f2  _XINT1_ISR                      
0     003309fc  _XINT2_ISR                      
0     00330a06  _ADCINT_ISR                     
0     00330a10  _TINT0_ISR                      
0     00330a1a  _WAKEINT_ISR                    
0     00330a24  _EPWM1_TZINT_ISR                
0     00330a2e  _EPWM2_TZINT_ISR                
0     00330a38  _EPWM3_TZINT_ISR                
0     00330a42  _EPWM4_TZINT_ISR                
0     00330a4c  _EPWM5_TZINT_ISR                
0     00330a56  _EPWM6_TZINT_ISR                
0     00330a60  _EPWM1_INT_ISR                  
0     00330a6a  _EPWM2_INT_ISR                  
0     00330a74  _EPWM3_INT_ISR                  
0     00330a7e  _EPWM4_INT_ISR                  
0     00330a88  _EPWM5_INT_ISR                  
0     00330a92  _EPWM6_INT_ISR                  
0     00330a9c  _ECAP1_INT_ISR                  
0     00330aa6  _ECAP2_INT_ISR                  
0     00330ab0  _ECAP3_INT_ISR                  
0     00330aba  _ECAP4_INT_ISR                  
0     00330ac4  _ECAP5_INT_ISR                  
0     00330ace  _ECAP6_INT_ISR                  
0     00330ad8  _EQEP1_INT_ISR                  
0     00330ae2  _EQEP2_INT_ISR                  
0     00330aec  _SPIRXINTA_ISR                  
0     00330af6  _SPITXINTA_ISR                  
0     00330b00  _MRINTB_ISR                     
0     00330b0a  _MXINTB_ISR                     
0     00330b14  _MRINTA_ISR                     
0     00330b1e  _MXINTA_ISR                     
0     00330b28  _DINTCH1_ISR                    
0     00330b32  _DINTCH2_ISR                    
0     00330b3c  _DINTCH3_ISR                    
0     00330b46  _DINTCH4_ISR                    
0     00330b50  _DINTCH5_ISR                    
0     00330b5a  _DINTCH6_ISR                    
0     00330b64  _I2CINT1A_ISR                   
0     00330b6e  _I2CINT2A_ISR                   
0     00330b78  _SCIRXINTC_ISR                  
0     00330b82  _SCITXINTC_ISR                  
0     00330b8c  _SCIRXINTA_ISR                  
0     00330b96  _SCITXINTA_ISR                  
0     00330ba0  _SCIRXINTB_ISR                  
0     00330baa  _SCITXINTB_ISR                  
0     00330bb4  _ECAN0INTA_ISR                  
0     00330bbe  _ECAN1INTA_ISR                  
0     00330bc8  _ECAN0INTB_ISR                  
0     00330bd2  _ECAN1INTB_ISR                  
0     00330bdc  _XINT3_ISR                      
0     00330be6  _XINT4_ISR                      
0     00330bf0  _XINT5_ISR                      
0     00330bfa  _XINT6_ISR                      
0     00330c04  _XINT7_ISR                      
0     00330c0e  _LVF_ISR                        
0     00330c18  _LUF_ISR                        
0     00330c22  _EMPTY_ISR                      
0     00330c2f  _PIE_RESERVED                   
0     00330c39  _rsvd_ISR                       
0     00330c69  _delay1                         
0     00330c7b  _begintrans                     
0     00330c94  _stoptrans                      
0     00330cab  _ack                            
0     00330cd9  _bytein                         
0     00330d10  _byteout                        
0     00330d4f  _WriteCmd                       
0     00330d57  _WriteDat                       
0     00330d5f  _SetPos                         
0     00330d73  _OLED_Fill                      
0     00330d94  _OLED_Clean                     
0     00330d98  _OLED_ON                        
0     00330da2  _OLED_OFF                       
0     00330dac  _OLED_Init                      
0     00330e08  _OLED_ShowStr                   
0     00330e7d  _InitSysCtrl                    
0     00330e86  _ServiceDog                     
0     00330e90  _DisableDog                     
0     00330e98  _InitPll                        
0     00330ee9  _InitPeripheralClocks           
0     00330f44  _CsmUnlock                      
0     00330f75  _wakeint_isr                    
0     00330f8b  _scia_Rx_isr                    
0     00330fc2  _epwm1_isr                      
0     00330fe8  _c_int00                        
0     0033103e  _main                           
0     00331070  C$$EXIT                         
0     00331070  _abort                          
0     00331072  _exit                           
0     00331099  _InitPieCtrl                    
0     003310b8  _EnableInterrupts               
0     003310c1  _copy_in                        
0     003310e5  _InitPieVectTable               
0     00331105  _memcpy                         
0     00331122  __args_main                     
0     00331134  __register_unlock               
0     00331138  __register_lock                 
0     0033113c  __nop                           
0     00331145  __system_pre_init               
0     00331147  __system_post_cinit             
0     00331148  ___cinit__                      
0     00331148  ___etext__                      
0     00331148  cinit                           
0     00331148  etext                           
0     00331176  _DSP28x_usDelay                 
0     0033fff6  code_start                      
0     00380080  _ADC_cal                        
1     00000400  __stack                         
1     00000700  __STACK_END                     
1     00000880  _DevEmuRegs                     
1     00000a80  _FlashRegs                      
1     00000ae0  _CsmRegs                        
1     00000b00  _AdcMirror                      
1     00000b20  _XintfRegs                      
1     00000c00  _CpuTimer0Regs                  
1     00000c08  _CpuTimer1Regs                  
1     00000c10  _CpuTimer2Regs                  
1     00000ce0  _PieCtrlRegs                    
1     00000d00  _PieVectTable                   
1     00001000  _DmaRegs                        
1     00005000  _McbspaRegs                     
1     00005040  _McbspbRegs                     
1     00006000  _ECanaRegs                      
1     00006040  _ECanaLAMRegs                   
1     00006080  _ECanaMOTSRegs                  
1     000060c0  _ECanaMOTORegs                  
1     00006100  _ECanaMboxes                    
1     00006200  _ECanbRegs                      
1     00006240  _ECanbLAMRegs                   
1     00006280  _ECanbMOTSRegs                  
1     000062c0  _ECanbMOTORegs                  
1     00006300  _ECanbMboxes                    
1     00006800  _EPwm1Regs                      
1     00006840  _EPwm2Regs                      
1     00006880  _EPwm3Regs                      
1     000068c0  _EPwm4Regs                      
1     00006900  _EPwm5Regs                      
1     00006940  _EPwm6Regs                      
1     00006a00  _ECap1Regs                      
1     00006a20  _ECap2Regs                      
1     00006a40  _ECap3Regs                      
1     00006a60  _ECap4Regs                      
1     00006a80  _ECap5Regs                      
1     00006aa0  _ECap6Regs                      
1     00006b00  _EQep1Regs                      
1     00006b40  _EQep2Regs                      
1     00006f80  _GpioCtrlRegs                   
1     00006fc0  _GpioDataRegs                   
1     00006fe0  _GpioIntRegs                    
1     00007010  _SysCtrlRegs                    
1     00007040  _SpiaRegs                       
1     00007050  _SciaRegs                       
1     00007070  _XIntruptRegs                   
1     00007100  _AdcRegs                        
1     00007750  _ScibRegs                       
1     00007770  _ScicRegs                       
1     00007900  _I2caRegs                       
1     0000d000  _ReceivedData                   
1     0000d100  _CpuTimer0                      
1     0000d108  _CpuTimer1                      
1     0000d110  _CpuTimer2                      
1     0000d118  _PWM_count                      
1     0000d119  _PWM_direction                  
1     0000d11a  _DataLength                     
1     0000d11b  _DataIndex                      
1     0000d11c  _IsReceiving                    
1     0000d11e  _WakeCount                      
1     0000d120  _LoopCount                      
1     0000d122  ___TI_enable_exit_profile_output
1     0000d124  ___TI_cleanup_ptr               
1     0000d126  ___TI_dtors_ptr                 
1     0000d128  __lock                          
1     0000d12a  __unlock                        
1     0000d12c  _eromrw_err                     
1     0000d12d  _gSpiTimeoutCounts              
1     0033fff8  _CsmPwl                         
abs   00000300  __STACK_SIZE                    
abs   ffffffff  ___TI_pprof_out_hndl            
abs   ffffffff  ___TI_prof_data_size            
abs   ffffffff  ___TI_prof_data_start           
abs   ffffffff  ___binit__                      
abs   ffffffff  ___c_args__                     
abs   ffffffff  ___pinit__                      
abs   ffffffff  binit                           
abs   ffffffff  pinit                           

[210 symbols]
