******************************************************************************
             TMS320C2000 Linker PC v20.2.5                     
******************************************************************************
>> Linked Sat Dec 23 20:44:04 2023

OUTPUT FILE NAME:   <project.out>
ENTRY POINT SYMBOL: "_c_int00"  address: 00331a90


MEMORY CONFIGURATION

         name            origin    length      used     unused   attr    fill
----------------------  --------  ---------  --------  --------  ----  --------
PAGE 0:
  RAML0                 00008000   00001000  00000000  00001000  RWIX
  RAML1                 00009000   00001000  00000000  00001000  RWIX
  RAML2                 0000a000   00001000  00000000  00001000  RWIX
  RAML3                 0000b000   00001000  00000000  00001000  RWIX
  FLASHH                00300000   00008000  00000000  00008000  RWIX
  FLASHG                00308000   00008000  00000000  00008000  RWIX
  FLASHF                00310000   00008000  00000000  00008000  RWIX
  FLASHE                00318000   00008000  00000000  00008000  RWIX
  FLASHD                00320000   00008000  00000000  00008000  RWIX
  FLASHC                00328000   00008000  00000000  00008000  RWIX
  FLASHB                00330000   00008000  000028b6  0000574a  RWIX
  FLASHA                00338000   00007f80  00000000  00007f80  RWIX
  CSM_RSVD              0033ff80   00000076  00000000  00000076  RWIX
  BEGIN                 0033fff6   00000002  00000002  00000000  RWIX
  CSM_PWL               0033fff8   00000008  00000000  00000008  RWIX
  ADC_CAL               00380080   00000009  00000007  00000002  RWIX
  OTP                   00380400   00000400  00000000  00000400  RWIX
  IQTABLES              003fe000   00000b50  00000000  00000b50  RWIX
  IQTABLES2             003feb50   0000008c  00000000  0000008c  RWIX
  FPUTABLES             003febdc   000006a0  00000000  000006a0  RWIX
  ROM                   003ff27c   00000d44  00000000  00000d44  RWIX
  RESET                 003fffc0   00000002  00000000  00000002  RWIX
  VECTORS               003fffc2   0000003e  00000000  0000003e  RWIX

PAGE 1:
  BOOT_RSVD             00000000   00000050  00000000  00000050  RWIX
  RAMM0                 00000050   000003b0  00000000  000003b0  RWIX
  RAMM1                 00000400   00000400  00000300  00000100  RWIX
  DEV_EMU               00000880   00000180  000000d0  000000b0  RWIX
  FLASH_REGS            00000a80   00000060  00000008  00000058  RWIX
  CSM                   00000ae0   00000010  00000010  00000000  RWIX
  ADC_MIRROR            00000b00   00000010  00000010  00000000  RWIX
  XINTF                 00000b20   00000020  0000001e  00000002  RWIX
  CPU_TIMER0            00000c00   00000008  00000008  00000000  RWIX
  CPU_TIMER1            00000c08   00000008  00000008  00000000  RWIX
  CPU_TIMER2            00000c10   00000008  00000008  00000000  RWIX
  PIE_CTRL              00000ce0   00000020  0000001a  00000006  RWIX
  PIE_VECT              00000d00   00000100  00000100  00000000  RWIX
  DMA                   00001000   00000200  000000e0  00000120  RWIX
  MCBSPA                00005000   00000040  00000025  0000001b  RWIX
  MCBSPB                00005040   00000040  00000025  0000001b  RWIX
  ECANA                 00006000   00000040  00000034  0000000c  RWIX
  ECANA_LAM             00006040   00000040  00000040  00000000  RWIX
  ECANA_MOTS            00006080   00000040  00000040  00000000  RWIX
  ECANA_MOTO            000060c0   00000040  00000040  00000000  RWIX
  ECANA_MBOX            00006100   00000100  00000100  00000000  RWIX
  ECANB                 00006200   00000040  00000034  0000000c  RWIX
  ECANB_LAM             00006240   00000040  00000040  00000000  RWIX
  ECANB_MOTS            00006280   00000040  00000040  00000000  RWIX
  ECANB_MOTO            000062c0   00000040  00000040  00000000  RWIX
  ECANB_MBOX            00006300   00000100  00000100  00000000  RWIX
  EPWM1                 00006800   00000022  00000022  00000000  RWIX
  EPWM2                 00006840   00000022  00000022  00000000  RWIX
  EPWM3                 00006880   00000022  00000022  00000000  RWIX
  EPWM4                 000068c0   00000022  00000022  00000000  RWIX
  EPWM5                 00006900   00000022  00000022  00000000  RWIX
  EPWM6                 00006940   00000022  00000022  00000000  RWIX
  ECAP1                 00006a00   00000020  00000020  00000000  RWIX
  ECAP2                 00006a20   00000020  00000020  00000000  RWIX
  ECAP3                 00006a40   00000020  00000020  00000000  RWIX
  ECAP4                 00006a60   00000020  00000020  00000000  RWIX
  ECAP5                 00006a80   00000020  00000020  00000000  RWIX
  ECAP6                 00006aa0   00000020  00000020  00000000  RWIX
  EQEP1                 00006b00   00000040  00000040  00000000  RWIX
  EQEP2                 00006b40   00000040  00000040  00000000  RWIX
  GPIOCTRL              00006f80   00000040  0000002e  00000012  RWIX
  GPIODAT               00006fc0   00000020  00000020  00000000  RWIX
  GPIOINT               00006fe0   00000020  0000000a  00000016  RWIX
  SYSTEM                00007010   00000020  00000020  00000000  RWIX
  SPIA                  00007040   00000010  00000010  00000000  RWIX
  SCIA                  00007050   00000010  00000010  00000000  RWIX
  XINTRUPT              00007070   00000010  00000010  00000000  RWIX
  ADC                   00007100   00000020  0000001e  00000002  RWIX
  SCIB                  00007750   00000010  00000010  00000000  RWIX
  SCIC                  00007770   00000010  00000010  00000000  RWIX
  I2CA                  00007900   00000040  00000022  0000001e  RWIX
  RAML4                 0000c000   00001000  00000000  00001000  RWIX
  RAML5                 0000d000   00001000  0000012e  00000ed2  RWIX
  RAML6                 0000e000   00001000  00000000  00001000  RWIX
  RAML7                 0000f000   00001000  00000000  00001000  RWIX
  CSM_PWL               0033fff8   00000008  00000008  00000000  RWIX


SECTION ALLOCATION MAP

 output                                  attributes/
section   page    origin      length       input sections
--------  ----  ----------  ----------   ----------------
.cinit     0    00332881    00000032     
                  00332881    00000014     main.obj (.cinit)
                  00332895    0000000e     rts2800_fpu32.lib : exit.c.obj (.cinit)
                  003328a3    00000005                       : _lock.c.obj (.cinit:__lock)
                  003328a8    00000005                       : _lock.c.obj (.cinit:__unlock)
                  003328ad    00000004                       : errno.c.obj (.cinit)
                  003328b1    00000002     --HOLE-- [fill = 0]

ramfuncs   0    003328b3    00000004     
                  003328b3    00000004     DSP2833x_usDelay.obj (ramfuncs)

DevEmuRegsFile 
*          1    00000880    000000d0     UNINITIALIZED
                  00000880    000000d0     DSP2833x_GlobalVariableDefs.obj (DevEmuRegsFile)

FlashRegsFile 
*          1    00000a80    00000008     UNINITIALIZED
                  00000a80    00000008     DSP2833x_GlobalVariableDefs.obj (FlashRegsFile)

CsmRegsFile 
*          1    00000ae0    00000010     UNINITIALIZED
                  00000ae0    00000010     DSP2833x_GlobalVariableDefs.obj (CsmRegsFile)

AdcMirrorFile 
*          1    00000b00    00000010     UNINITIALIZED
                  00000b00    00000010     DSP2833x_GlobalVariableDefs.obj (AdcMirrorFile)

XintfRegsFile 
*          1    00000b20    0000001e     UNINITIALIZED
                  00000b20    0000001e     DSP2833x_GlobalVariableDefs.obj (XintfRegsFile)

CpuTimer0RegsFile 
*          1    00000c00    00000008     UNINITIALIZED
                  00000c00    00000008     DSP2833x_GlobalVariableDefs.obj (CpuTimer0RegsFile)

CpuTimer1RegsFile 
*          1    00000c08    00000008     UNINITIALIZED
                  00000c08    00000008     DSP2833x_GlobalVariableDefs.obj (CpuTimer1RegsFile)

CpuTimer2RegsFile 
*          1    00000c10    00000008     UNINITIALIZED
                  00000c10    00000008     DSP2833x_GlobalVariableDefs.obj (CpuTimer2RegsFile)

PieCtrlRegsFile 
*          1    00000ce0    0000001a     UNINITIALIZED
                  00000ce0    0000001a     DSP2833x_GlobalVariableDefs.obj (PieCtrlRegsFile)

PieVectTableFile 
*          1    00000d00    00000100     UNINITIALIZED
                  00000d00    00000100     DSP2833x_GlobalVariableDefs.obj (PieVectTableFile)

DmaRegsFile 
*          1    00001000    000000e0     UNINITIALIZED
                  00001000    000000e0     DSP2833x_GlobalVariableDefs.obj (DmaRegsFile)

McbspaRegsFile 
*          1    00005000    00000025     UNINITIALIZED
                  00005000    00000025     DSP2833x_GlobalVariableDefs.obj (McbspaRegsFile)

McbspbRegsFile 
*          1    00005040    00000025     UNINITIALIZED
                  00005040    00000025     DSP2833x_GlobalVariableDefs.obj (McbspbRegsFile)

ECanaRegsFile 
*          1    00006000    00000034     UNINITIALIZED
                  00006000    00000034     DSP2833x_GlobalVariableDefs.obj (ECanaRegsFile)

ECanaLAMRegsFile 
*          1    00006040    00000040     UNINITIALIZED
                  00006040    00000040     DSP2833x_GlobalVariableDefs.obj (ECanaLAMRegsFile)

ECanaMOTSRegsFile 
*          1    00006080    00000040     UNINITIALIZED
                  00006080    00000040     DSP2833x_GlobalVariableDefs.obj (ECanaMOTSRegsFile)

ECanaMOTORegsFile 
*          1    000060c0    00000040     UNINITIALIZED
                  000060c0    00000040     DSP2833x_GlobalVariableDefs.obj (ECanaMOTORegsFile)

ECanaMboxesFile 
*          1    00006100    00000100     UNINITIALIZED
                  00006100    00000100     DSP2833x_GlobalVariableDefs.obj (ECanaMboxesFile)

ECanbRegsFile 
*          1    00006200    00000034     UNINITIALIZED
                  00006200    00000034     DSP2833x_GlobalVariableDefs.obj (ECanbRegsFile)

ECanbLAMRegsFile 
*          1    00006240    00000040     UNINITIALIZED
                  00006240    00000040     DSP2833x_GlobalVariableDefs.obj (ECanbLAMRegsFile)

ECanbMOTSRegsFile 
*          1    00006280    00000040     UNINITIALIZED
                  00006280    00000040     DSP2833x_GlobalVariableDefs.obj (ECanbMOTSRegsFile)

ECanbMOTORegsFile 
*          1    000062c0    00000040     UNINITIALIZED
                  000062c0    00000040     DSP2833x_GlobalVariableDefs.obj (ECanbMOTORegsFile)

ECanbMboxesFile 
*          1    00006300    00000100     UNINITIALIZED
                  00006300    00000100     DSP2833x_GlobalVariableDefs.obj (ECanbMboxesFile)

EPwm1RegsFile 
*          1    00006800    00000022     UNINITIALIZED
                  00006800    00000022     DSP2833x_GlobalVariableDefs.obj (EPwm1RegsFile)

EPwm2RegsFile 
*          1    00006840    00000022     UNINITIALIZED
                  00006840    00000022     DSP2833x_GlobalVariableDefs.obj (EPwm2RegsFile)

EPwm3RegsFile 
*          1    00006880    00000022     UNINITIALIZED
                  00006880    00000022     DSP2833x_GlobalVariableDefs.obj (EPwm3RegsFile)

EPwm4RegsFile 
*          1    000068c0    00000022     UNINITIALIZED
                  000068c0    00000022     DSP2833x_GlobalVariableDefs.obj (EPwm4RegsFile)

EPwm5RegsFile 
*          1    00006900    00000022     UNINITIALIZED
                  00006900    00000022     DSP2833x_GlobalVariableDefs.obj (EPwm5RegsFile)

EPwm6RegsFile 
*          1    00006940    00000022     UNINITIALIZED
                  00006940    00000022     DSP2833x_GlobalVariableDefs.obj (EPwm6RegsFile)

ECap1RegsFile 
*          1    00006a00    00000020     UNINITIALIZED
                  00006a00    00000020     DSP2833x_GlobalVariableDefs.obj (ECap1RegsFile)

ECap2RegsFile 
*          1    00006a20    00000020     UNINITIALIZED
                  00006a20    00000020     DSP2833x_GlobalVariableDefs.obj (ECap2RegsFile)

ECap3RegsFile 
*          1    00006a40    00000020     UNINITIALIZED
                  00006a40    00000020     DSP2833x_GlobalVariableDefs.obj (ECap3RegsFile)

ECap4RegsFile 
*          1    00006a60    00000020     UNINITIALIZED
                  00006a60    00000020     DSP2833x_GlobalVariableDefs.obj (ECap4RegsFile)

ECap5RegsFile 
*          1    00006a80    00000020     UNINITIALIZED
                  00006a80    00000020     DSP2833x_GlobalVariableDefs.obj (ECap5RegsFile)

ECap6RegsFile 
*          1    00006aa0    00000020     UNINITIALIZED
                  00006aa0    00000020     DSP2833x_GlobalVariableDefs.obj (ECap6RegsFile)

EQep1RegsFile 
*          1    00006b00    00000040     UNINITIALIZED
                  00006b00    00000040     DSP2833x_GlobalVariableDefs.obj (EQep1RegsFile)

EQep2RegsFile 
*          1    00006b40    00000040     UNINITIALIZED
                  00006b40    00000040     DSP2833x_GlobalVariableDefs.obj (EQep2RegsFile)

GpioCtrlRegsFile 
*          1    00006f80    0000002e     UNINITIALIZED
                  00006f80    0000002e     DSP2833x_GlobalVariableDefs.obj (GpioCtrlRegsFile)

GpioDataRegsFile 
*          1    00006fc0    00000020     UNINITIALIZED
                  00006fc0    00000020     DSP2833x_GlobalVariableDefs.obj (GpioDataRegsFile)

GpioIntRegsFile 
*          1    00006fe0    0000000a     UNINITIALIZED
                  00006fe0    0000000a     DSP2833x_GlobalVariableDefs.obj (GpioIntRegsFile)

SysCtrlRegsFile 
*          1    00007010    00000020     UNINITIALIZED
                  00007010    00000020     DSP2833x_GlobalVariableDefs.obj (SysCtrlRegsFile)

SpiaRegsFile 
*          1    00007040    00000010     UNINITIALIZED
                  00007040    00000010     DSP2833x_GlobalVariableDefs.obj (SpiaRegsFile)

SciaRegsFile 
*          1    00007050    00000010     UNINITIALIZED
                  00007050    00000010     DSP2833x_GlobalVariableDefs.obj (SciaRegsFile)

XIntruptRegsFile 
*          1    00007070    00000010     UNINITIALIZED
                  00007070    00000010     DSP2833x_GlobalVariableDefs.obj (XIntruptRegsFile)

AdcRegsFile 
*          1    00007100    0000001e     UNINITIALIZED
                  00007100    0000001e     DSP2833x_GlobalVariableDefs.obj (AdcRegsFile)

ScibRegsFile 
*          1    00007750    00000010     UNINITIALIZED
                  00007750    00000010     DSP2833x_GlobalVariableDefs.obj (ScibRegsFile)

ScicRegsFile 
*          1    00007770    00000010     UNINITIALIZED
                  00007770    00000010     DSP2833x_GlobalVariableDefs.obj (ScicRegsFile)

I2caRegsFile 
*          1    00007900    00000022     UNINITIALIZED
                  00007900    00000022     DSP2833x_GlobalVariableDefs.obj (I2caRegsFile)

CsmPwlFile 
*          1    0033fff8    00000008     UNINITIALIZED
                  0033fff8    00000008     DSP2833x_GlobalVariableDefs.obj (CsmPwlFile)

.pinit     0    00330000    00000000     UNINITIALIZED

.text      0    00330000    00001de5     
                  00330000    00000ce4     rts2800_fpu32.lib : _printfi.c.obj (.text)
                  00330ce4    00000323     DSP2833x_DefaultIsr.obj (.text:retain)
                  00331007    00000253     spi_o.obj (.text)
                  0033125a    0000023a     oled.obj (.text)
                  00331494    00000107     rts2800_fpu32.lib : ll_div28.asm.obj (.text)
                  0033159b    000000f8     DSP2833x_SysCtrl.obj (.text)
                  00331693    000000d8     main.obj (.text)
                  0033176b    000000ae     rts2800_fpu32.lib : s_scalbn.c.obj (.text)
                  00331819    0000009c                       : fd_add28.asm.obj (.text)
                  003318b5    0000008b                       : fd_div28.asm.obj (.text)
                  00331940    00000083                       : fd_mpy28.asm.obj (.text)
                  003319c3    00000073     main.obj (.text:retain)
                  00331a36    0000005a     rts2800_fpu32.lib : s_frexp.c.obj (.text)
                  00331a90    00000056                       : boot28.asm.obj (.text)
                  00331ae6    00000032                       : sprintf.c.obj (.text)
                  00331b18    00000031                       : atoi.c.obj (.text)
                  00331b49    00000030                       : _ltoa.c.obj (.text)
                  00331b79    0000002a                       : fd_cmp28.asm.obj (.text)
                  00331ba3    0000002a                       : l_div28.asm.obj (.text)
                  00331bcd    00000029                       : exit.c.obj (.text)
                  00331bf6    00000028     DSP2833x_PieCtrl.obj (.text)
                  00331c1e    00000025     rts2800_fpu32.lib : s_copysign.c.obj (.text)
                  00331c43    00000024                       : cpy_tbl.c.obj (.text)
                  00331c67    00000021                       : fd_toi28.asm.obj (.text)
                  00331c88    00000020     DSP2833x_PieVect.obj (.text)
                  00331ca8    0000001f     rts2800_fpu32.lib : fd_tol28.asm.obj (.text)
                  00331cc7    0000001e                       : ll_cmp28.asm.obj (.text)
                  00331ce5    0000001d                       : i_tofd28.asm.obj (.text)
                  00331d02    0000001d                       : memcpy.c.obj (.text)
                  00331d1f    0000001c                       : fs_tofdfpu32.asm.obj (.text)
                  00331d3b    0000001c                       : l_tofd28.asm.obj (.text)
                  00331d57    00000018                       : ll_aox28.asm.obj (.text)
                  00331d6f    00000012                       : args_main.c.obj (.text)
                  00331d81    00000010                       : memccpy.c.obj (.text)
                  00331d91    0000000e                       : fd_sub28.asm.obj (.text)
                  00331d9f    0000000c                       : strchr.c.obj (.text)
                  00331dab    00000009                       : _lock.c.obj (.text)
                  00331db4    00000009                       : fd_neg28.asm.obj (.text)
                  00331dbd    00000009                       : wcslen.c.obj (.text)
                  00331dc6    00000008     DSP2833x_CodeStartBranch.obj (.text)
                  00331dce    00000008     rts2800_fpu32.lib : strlen.c.obj (.text)
                  00331dd6    00000007                       : memset.c.obj (.text)
                  00331ddd    00000005                       : strcpy.c.obj (.text)
                  00331de2    00000002                       : pre_init.c.obj (.text)
                  00331de4    00000001                       : startup.c.obj (.text)

codestart 
*          0    0033fff6    00000002     
                  0033fff6    00000002     DSP2833x_CodeStartBranch.obj (codestart)

.stack     1    00000400    00000300     UNINITIALIZED
                  00000400    00000300     --HOLE--

.ebss      1    0000d000    0000012e     UNINITIALIZED
                  0000d000    00000100     main.obj (.ebss:_ReceivedData)
                  0000d100    00000018     DSP2833x_CpuTimers.obj (.ebss)
                  0000d118    0000000a     main.obj (.ebss)
                  0000d122    00000006     rts2800_fpu32.lib : exit.c.obj (.ebss)
                  0000d128    00000002                       : _lock.c.obj (.ebss:__lock)
                  0000d12a    00000002                       : _lock.c.obj (.ebss:__unlock)
                  0000d12c    00000001     oled.obj (.ebss)
                  0000d12d    00000001     rts2800_fpu32.lib : errno.c.obj (.ebss)

.econst    0    00331de6    00000a9b     
                  00331de6    000005f0     oled.obj (.econst:.string:_F8X16)
                  003323d6    00000228     oled.obj (.econst:_F6x8)
                  003325fe    00000101     rts2800_fpu32.lib : ctype.c.obj (.econst:.string:__ctypes_)
                  003326ff    00000001     --HOLE-- [fill = 0]
                  00332700    00000100     DSP2833x_PieVect.obj (.econst:_PieVectTableInit)
                  00332800    00000026     rts2800_fpu32.lib : _printfi.c.obj (.econst:.string)
                  00332826    0000001c                       : _printfi.c.obj (.econst)
                  00332842    0000001c                       : s_scalbn.c.obj (.econst)
                  0033285e    0000000a     main.obj (.econst:.string:_$P$T0$1)
                  00332868    00000009     main.obj (.econst:.string:_$P$T1$2)
                  00332871    00000001     --HOLE-- [fill = 0]
                  00332872    00000008     rts2800_fpu32.lib : s_frexp.c.obj (.econst)
                  0033287a    00000007     main.obj (.econst:.string)

.reset     0    003fffc0    00000002     DSECT
                  003fffc0    00000002     rts2800_fpu32.lib : boot28.asm.obj (.reset)

vectors    0    003fffc2    00000000     DSECT

.adc_cal   0    00380080    00000007     NOLOAD SECTION
                  00380080    00000007     DSP2833x_ADC_cal.obj (.adc_cal)

MODULE SUMMARY

       Module                            code   initialized data   uninitialized data
       ------                            ----   ----------------   ------------------
    .\
       main.obj                          331    46                 266               
    +--+---------------------------------+------+------------------+--------------------+
       Total:                            331    46                 266               
                                                                                     
    .\Hardware\src\
       oled.obj                          570    2072               1                 
       spi_o.obj                         595    0                  0                 
    +--+---------------------------------+------+------------------+--------------------+
       Total:                            1165   2072               1                 
                                                                                     
    .\Lib\src\
       DSP2833x_GlobalVariableDefs.obj   0      0                  2678              
       DSP2833x_DefaultIsr.obj           803    0                  0                 
       DSP2833x_PieVect.obj              32     256                0                 
       DSP2833x_SysCtrl.obj              248    0                  0                 
       DSP2833x_PieCtrl.obj              40     0                  0                 
       DSP2833x_CpuTimers.obj            0      0                  24                
       DSP2833x_CodeStartBranch.obj      10     0                  0                 
       DSP2833x_ADC_cal.obj              7      0                  0                 
       DSP2833x_usDelay.obj              4      0                  0                 
    +--+---------------------------------+------+------------------+--------------------+
       Total:                            1144   256                2702              
                                                                                     
    E:\ccstdio10\ccs\tools\compiler\ti-cgt-c2000_20.2.5.LTS\lib\rts2800_fpu32.lib
       _printfi.c.obj                    3300   66                 0                 
       ll_div28.asm.obj                  263    0                  0                 
       ctype.c.obj                       0      257                0                 
       s_scalbn.c.obj                    174    28                 0                 
       fd_add28.asm.obj                  156    0                  0                 
       fd_div28.asm.obj                  139    0                  0                 
       fd_mpy28.asm.obj                  131    0                  0                 
       s_frexp.c.obj                     90     8                  0                 
       boot28.asm.obj                    86     0                  0                 
       exit.c.obj                        41     14                 6                 
       sprintf.c.obj                     50     0                  0                 
       atoi.c.obj                        49     0                  0                 
       _ltoa.c.obj                       48     0                  0                 
       fd_cmp28.asm.obj                  42     0                  0                 
       l_div28.asm.obj                   42     0                  0                 
       s_copysign.c.obj                  37     0                  0                 
       cpy_tbl.c.obj                     36     0                  0                 
       fd_toi28.asm.obj                  33     0                  0                 
       fd_tol28.asm.obj                  31     0                  0                 
       ll_cmp28.asm.obj                  30     0                  0                 
       i_tofd28.asm.obj                  29     0                  0                 
       memcpy.c.obj                      29     0                  0                 
       fs_tofdfpu32.asm.obj              28     0                  0                 
       l_tofd28.asm.obj                  28     0                  0                 
       ll_aox28.asm.obj                  24     0                  0                 
       _lock.c.obj                       9      10                 4                 
       args_main.c.obj                   18     0                  0                 
       memccpy.c.obj                     16     0                  0                 
       fd_sub28.asm.obj                  14     0                  0                 
       strchr.c.obj                      12     0                  0                 
       fd_neg28.asm.obj                  9      0                  0                 
       wcslen.c.obj                      9      0                  0                 
       strlen.c.obj                      8      0                  0                 
       memset.c.obj                      7      0                  0                 
       errno.c.obj                       0      4                  1                 
       strcpy.c.obj                      5      0                  0                 
       pre_init.c.obj                    2      0                  0                 
       startup.c.obj                     1      0                  0                 
    +--+---------------------------------+------+------------------+--------------------+
       Total:                            5026   387                11                
                                                                                     
       Stack:                            0      0                  768               
    +--+---------------------------------+------+------------------+--------------------+
       Grand Total:                      7666   2761               3748              


GLOBAL DATA SYMBOLS: SORTED BY DATA PAGE

address     data page           name
--------    ----------------    ----
00000400      10 (00000400)     __stack

00000880      22 (00000880)     _DevEmuRegs

00000a80      2a (00000a80)     _FlashRegs

00000ae0      2b (00000ac0)     _CsmRegs

00000b00      2c (00000b00)     _AdcMirror
00000b20      2c (00000b00)     _XintfRegs

00000c00      30 (00000c00)     _CpuTimer0Regs
00000c08      30 (00000c00)     _CpuTimer1Regs
00000c10      30 (00000c00)     _CpuTimer2Regs

00000ce0      33 (00000cc0)     _PieCtrlRegs

00000d00      34 (00000d00)     _PieVectTable

00001000      40 (00001000)     _DmaRegs

00005000     140 (00005000)     _McbspaRegs

00005040     141 (00005040)     _McbspbRegs

00006000     180 (00006000)     _ECanaRegs

00006040     181 (00006040)     _ECanaLAMRegs

00006080     182 (00006080)     _ECanaMOTSRegs

000060c0     183 (000060c0)     _ECanaMOTORegs

00006100     184 (00006100)     _ECanaMboxes

00006200     188 (00006200)     _ECanbRegs

00006240     189 (00006240)     _ECanbLAMRegs

00006280     18a (00006280)     _ECanbMOTSRegs

000062c0     18b (000062c0)     _ECanbMOTORegs

00006300     18c (00006300)     _ECanbMboxes

00006800     1a0 (00006800)     _EPwm1Regs

00006840     1a1 (00006840)     _EPwm2Regs

00006880     1a2 (00006880)     _EPwm3Regs

000068c0     1a3 (000068c0)     _EPwm4Regs

00006900     1a4 (00006900)     _EPwm5Regs

00006940     1a5 (00006940)     _EPwm6Regs

00006a00     1a8 (00006a00)     _ECap1Regs
00006a20     1a8 (00006a00)     _ECap2Regs

00006a40     1a9 (00006a40)     _ECap3Regs
00006a60     1a9 (00006a40)     _ECap4Regs

00006a80     1aa (00006a80)     _ECap5Regs
00006aa0     1aa (00006a80)     _ECap6Regs

00006b00     1ac (00006b00)     _EQep1Regs

00006b40     1ad (00006b40)     _EQep2Regs

00006f80     1be (00006f80)     _GpioCtrlRegs

00006fc0     1bf (00006fc0)     _GpioDataRegs
00006fe0     1bf (00006fc0)     _GpioIntRegs

00007010     1c0 (00007000)     _SysCtrlRegs

00007040     1c1 (00007040)     _SpiaRegs
00007050     1c1 (00007040)     _SciaRegs
00007070     1c1 (00007040)     _XIntruptRegs

00007100     1c4 (00007100)     _AdcRegs

00007750     1dd (00007740)     _ScibRegs
00007770     1dd (00007740)     _ScicRegs

00007900     1e4 (00007900)     _I2caRegs

0000d000     340 (0000d000)     _ReceivedData

0000d100     344 (0000d100)     _CpuTimer0
0000d108     344 (0000d100)     _CpuTimer1
0000d110     344 (0000d100)     _CpuTimer2
0000d118     344 (0000d100)     _PWM_count
0000d119     344 (0000d100)     _PWM_direction
0000d11a     344 (0000d100)     _DataLength
0000d11b     344 (0000d100)     _DataIndex
0000d11c     344 (0000d100)     _IsReceiving
0000d11e     344 (0000d100)     _WakeCount
0000d120     344 (0000d100)     _LoopCount
0000d122     344 (0000d100)     ___TI_enable_exit_profile_output
0000d124     344 (0000d100)     ___TI_cleanup_ptr
0000d126     344 (0000d100)     ___TI_dtors_ptr
0000d128     344 (0000d100)     __lock
0000d12a     344 (0000d100)     __unlock
0000d12c     344 (0000d100)     _eromrw_err
0000d12d     344 (0000d100)     _errno

00331de6    cc77 (00331dc0)     _F8X16

003323d6    cc8f (003323c0)     _F6x8

003325fe    cc97 (003325c0)     __ctypes_

00332700    cc9c (00332700)     _PieVectTableInit

0033fff8    cfff (0033ffc0)     _CsmPwl


GLOBAL SYMBOLS: SORTED ALPHABETICALLY BY Name 

page  address   name                            
----  -------   ----                            
0     00330000  .text                           
0     00331bcd  C$$EXIT                         
0     00331819  FD$$ADD                         
0     00331b79  FD$$CMP                         
0     003318b5  FD$$DIV                         
0     00331940  FD$$MPY                         
0     00331db4  FD$$NEG                         
0     00331d91  FD$$SUB                         
0     00331c67  FD$$TOI                         
0     00331ca8  FD$$TOL                         
0     00331d1f  FS$$TOFD                        
0     00331ce5  I$$TOFD                         
0     00331ba3  L$$DIV                          
0     00331bb2  L$$MOD                          
0     00331d3b  L$$TOFD                         
0     00331d57  LL$$AND                         
0     00331cc7  LL$$CMP                         
0     00331494  LL$$DIV                         
0     003314d0  LL$$MOD                         
0     00331d5f  LL$$OR                          
0     00331d67  LL$$XOR                         
0     00331bc0  UL$$DIV                         
0     00331bc7  UL$$MOD                         
0     00331cd9  ULL$$CMP                        
0     0033150a  ULL$$DIV                        
0     00331539  ULL$$MOD                        
0     00330dca  _ADCINT_ISR                     
0     00380080  _ADC_cal                        
1     00000b00  _AdcMirror                      
1     00007100  _AdcRegs                        
1     0000d100  _CpuTimer0                      
1     00000c00  _CpuTimer0Regs                  
1     0000d108  _CpuTimer1                      
1     00000c08  _CpuTimer1Regs                  
1     0000d110  _CpuTimer2                      
1     00000c10  _CpuTimer2Regs                  
1     0033fff8  _CsmPwl                         
1     00000ae0  _CsmRegs                        
0     00331662  _CsmUnlock                      
0     00330cf8  _DATALOG_ISR                    
0     00330eec  _DINTCH1_ISR                    
0     00330ef6  _DINTCH2_ISR                    
0     00330f00  _DINTCH3_ISR                    
0     00330f0a  _DINTCH4_ISR                    
0     00330f14  _DINTCH5_ISR                    
0     00330f1e  _DINTCH6_ISR                    
0     003328b3  _DSP28x_usDelay                 
1     0000d11b  _DataIndex                      
1     0000d11a  _DataLength                     
1     00000880  _DevEmuRegs                     
0     003315ae  _DisableDog                     
1     00001000  _DmaRegs                        
0     00330f78  _ECAN0INTA_ISR                  
0     00330f8c  _ECAN0INTB_ISR                  
0     00330f82  _ECAN1INTA_ISR                  
0     00330f96  _ECAN1INTB_ISR                  
0     00330e60  _ECAP1_INT_ISR                  
0     00330e6a  _ECAP2_INT_ISR                  
0     00330e74  _ECAP3_INT_ISR                  
0     00330e7e  _ECAP4_INT_ISR                  
0     00330e88  _ECAP5_INT_ISR                  
0     00330e92  _ECAP6_INT_ISR                  
1     00006040  _ECanaLAMRegs                   
1     000060c0  _ECanaMOTORegs                  
1     00006080  _ECanaMOTSRegs                  
1     00006100  _ECanaMboxes                    
1     00006000  _ECanaRegs                      
1     00006240  _ECanbLAMRegs                   
1     000062c0  _ECanbMOTORegs                  
1     00006280  _ECanbMOTSRegs                  
1     00006300  _ECanbMboxes                    
1     00006200  _ECanbRegs                      
1     00006a00  _ECap1Regs                      
1     00006a20  _ECap2Regs                      
1     00006a40  _ECap3Regs                      
1     00006a60  _ECap4Regs                      
1     00006a80  _ECap5Regs                      
1     00006aa0  _ECap6Regs                      
0     00330fe6  _EMPTY_ISR                      
0     00330d0c  _EMUINT_ISR                     
0     00330e24  _EPWM1_INT_ISR                  
0     00330de8  _EPWM1_TZINT_ISR                
0     00330e2e  _EPWM2_INT_ISR                  
0     00330df2  _EPWM2_TZINT_ISR                
0     00330e38  _EPWM3_INT_ISR                  
0     00330dfc  _EPWM3_TZINT_ISR                
0     00330e42  _EPWM4_INT_ISR                  
0     00330e06  _EPWM4_TZINT_ISR                
0     00330e4c  _EPWM5_INT_ISR                  
0     00330e10  _EPWM5_TZINT_ISR                
0     00330e56  _EPWM6_INT_ISR                  
0     00330e1a  _EPWM6_TZINT_ISR                
1     00006800  _EPwm1Regs                      
1     00006840  _EPwm2Regs                      
1     00006880  _EPwm3Regs                      
1     000068c0  _EPwm4Regs                      
1     00006900  _EPwm5Regs                      
1     00006940  _EPwm6Regs                      
0     00330e9c  _EQEP1_INT_ISR                  
0     00330ea6  _EQEP2_INT_ISR                  
1     00006b00  _EQep1Regs                      
1     00006b40  _EQep2Regs                      
0     00331c15  _EnableInterrupts               
0     003323d6  _F6x8                           
0     00331de6  _F8X16                          
0     003311fc  _FLASH_32KErase                 
0     0033121e  _FLASH_64KErase                 
0     003310dd  _FLASH_PageWrite                
0     00331094  _FLASH_ReadDeviceID             
0     00331068  _FLASH_ReadJEDE_ID              
1     00000a80  _FlashRegs                      
1     00006f80  _GpioCtrlRegs                   
1     00006fc0  _GpioDataRegs                   
1     00006fe0  _GpioIntRegs                    
0     00330f28  _I2CINT1A_ISR                   
0     00330f32  _I2CINT2A_ISR                   
1     00007900  _I2caRegs                       
0     00330d20  _ILLEGAL_ISR                    
0     00330ce4  _INT13_ISR                      
0     00330cee  _INT14_ISR                      
0     00331607  _InitPeripheralClocks           
0     00331bf6  _InitPieCtrl                    
0     00331c88  _InitPieVectTable               
0     003315b6  _InitPll                        
0     0033159b  _InitSysCtrl                    
1     0000d11c  _IsReceiving                    
0     00330fdc  _LUF_ISR                        
0     00330fd2  _LVF_ISR                        
1     0000d120  _LoopCount                      
0     00330ed8  _MRINTA_ISR                     
0     00330ec4  _MRINTB_ISR                     
0     00330ee2  _MXINTA_ISR                     
0     00330ece  _MXINTB_ISR                     
1     00005000  _McbspaRegs                     
1     00005040  _McbspbRegs                     
0     00330d16  _NMI_ISR                        
0     003313ab  _OLED_Clean                     
0     0033138a  _OLED_Fill                      
0     003313c3  _OLED_Init                      
0     003313b9  _OLED_OFF                       
0     003313af  _OLED_ON                        
0     0033141f  _OLED_ShowStr                   
0     00330ff3  _PIE_RESERVED                   
1     0000d118  _PWM_count                      
1     0000d119  _PWM_direction                  
1     00000ce0  _PieCtrlRegs                    
1     00000d00  _PieVectTable                   
0     00332700  _PieVectTableInit               
0     00330d02  _RTOSINT_ISR                    
1     0000d000  _ReceivedData                   
0     00330f50  _SCIRXINTA_ISR                  
0     00330f64  _SCIRXINTB_ISR                  
0     00330f3c  _SCIRXINTC_ISR                  
0     00330f5a  _SCITXINTA_ISR                  
0     00330f6e  _SCITXINTB_ISR                  
0     00330f46  _SCITXINTC_ISR                  
0     00330da2  _SEQ1INT_ISR                    
0     00330dac  _SEQ2INT_ISR                    
0     00330eb0  _SPIRXINTA_ISR                  
0     00330eba  _SPITXINTA_ISR                  
0     003311a5  _SPI_FLASH_BufferRead           
0     00331115  _SPI_FLASH_BufferWrite          
0     00331240  _SPI_FLASH_ChipErase            
0     003311d8  _SPI_FLASH_SectorErase          
0     003310c7  _SPI_FLASH_WaitForWriteEnd      
0     003310bb  _SPI_FLASH_WriteEnable          
0     0033124e  _SPI_Flash_WAKEUP               
0     0033102d  _SPI_Init                       
0     00331038  _SPI_ReadWriteByte              
1     00007050  _SciaRegs                       
1     00007750  _ScibRegs                       
1     00007770  _ScicRegs                       
0     003315a4  _ServiceDog                     
0     00331376  _SetPos                         
1     00007040  _SpiaRegs                       
1     00007010  _SysCtrlRegs                    
0     00330dd4  _TINT0_ISR                      
0     00330d84  _USER10_ISR                     
0     00330d8e  _USER11_ISR                     
0     00330d98  _USER12_ISR                     
0     00330d2a  _USER1_ISR                      
0     00330d34  _USER2_ISR                      
0     00330d3e  _USER3_ISR                      
0     00330d48  _USER4_ISR                      
0     00330d52  _USER5_ISR                      
0     00330d5c  _USER6_ISR                      
0     00330d66  _USER7_ISR                      
0     00330d70  _USER8_ISR                      
0     00330d7a  _USER9_ISR                      
0     00330dde  _WAKEINT_ISR                    
1     0000d11e  _WakeCount                      
0     00331366  _WriteCmd                       
0     0033136e  _WriteDat                       
0     00330db6  _XINT1_ISR                      
0     00330dc0  _XINT2_ISR                      
0     00330fa0  _XINT3_ISR                      
0     00330faa  _XINT4_ISR                      
0     00330fb4  _XINT5_ISR                      
0     00330fbe  _XINT6_ISR                      
0     00330fc8  _XINT7_ISR                      
1     00007070  _XIntruptRegs                   
1     00000b20  _XintfRegs                      
1     00000700  __STACK_END                     
abs   00000300  __STACK_SIZE                    
1     0000d124  ___TI_cleanup_ptr               
1     0000d126  ___TI_dtors_ptr                 
1     0000d122  ___TI_enable_exit_profile_output
0     00331b49  ___TI_ltoa                      
abs   ffffffff  ___TI_pprof_out_hndl            
0     00330b53  ___TI_printfi                   
abs   ffffffff  ___TI_prof_data_size            
abs   ffffffff  ___TI_prof_data_start           
abs   ffffffff  ___binit__                      
abs   ffffffff  ___c_args__                     
0     00332881  ___cinit__                      
0     00331de5  ___etext__                      
abs   ffffffff  ___pinit__                      
0     00330000  ___text__                       
0     00331d6f  __args_main                     
0     003325fe  __ctypes_                       
1     0000d128  __lock                          
0     00331db3  __nop                           
0     00331daf  __register_lock                 
0     00331dab  __register_unlock               
1     00000400  __stack                         
0     00331de4  __system_post_cinit             
0     00331de2  __system_pre_init               
1     0000d12a  __unlock                        
0     00331bcd  _abort                          
0     003312c2  _ack                            
0     00331b18  _atoi                           
0     00331292  _begintrans                     
0     003312f0  _bytein                         
0     00331327  _byteout                        
0     00331a90  _c_int00                        
0     00331c43  _copy_in                        
0     00331c1e  _copysignl                      
0     00331693  _decimalToHex                   
0     00331280  _delay1                         
0     00331a10  _epwm1_isr                      
1     0000d12c  _eromrw_err                     
1     0000d12d  _errno                          
0     00331bcf  _exit                           
0     00331a36  _frexpl                         
0     0033176b  _ldexpl                         
0     003316e7  _main                           
0     00331d81  _memccpy                        
0     00331d02  _memcpy                         
0     00331dd6  _memset                         
0     00330ffd  _rsvd_ISR                       
0     0033176b  _scalbnl                        
0     003319d9  _scia_Rx_isr                    
0     00331ae6  _sprintf                        
0     003312ab  _stoptrans                      
0     00331d9f  _strchr                         
0     00331ddd  _strcpy                         
0     00331dce  _strlen                         
0     00331007  _w25q64_gpio_init               
0     003319c3  _wakeint_isr                    
0     00331dbd  _wcslen                         
abs   ffffffff  binit                           
0     00332881  cinit                           
0     0033fff6  code_start                      
0     00331de5  etext                           
abs   ffffffff  pinit                           


GLOBAL SYMBOLS: SORTED BY Symbol Address 

page  address   name                            
----  -------   ----                            
0     00330000  .text                           
0     00330000  ___text__                       
0     00330b53  ___TI_printfi                   
0     00330ce4  _INT13_ISR                      
0     00330cee  _INT14_ISR                      
0     00330cf8  _DATALOG_ISR                    
0     00330d02  _RTOSINT_ISR                    
0     00330d0c  _EMUINT_ISR                     
0     00330d16  _NMI_ISR                        
0     00330d20  _ILLEGAL_ISR                    
0     00330d2a  _USER1_ISR                      
0     00330d34  _USER2_ISR                      
0     00330d3e  _USER3_ISR                      
0     00330d48  _USER4_ISR                      
0     00330d52  _USER5_ISR                      
0     00330d5c  _USER6_ISR                      
0     00330d66  _USER7_ISR                      
0     00330d70  _USER8_ISR                      
0     00330d7a  _USER9_ISR                      
0     00330d84  _USER10_ISR                     
0     00330d8e  _USER11_ISR                     
0     00330d98  _USER12_ISR                     
0     00330da2  _SEQ1INT_ISR                    
0     00330dac  _SEQ2INT_ISR                    
0     00330db6  _XINT1_ISR                      
0     00330dc0  _XINT2_ISR                      
0     00330dca  _ADCINT_ISR                     
0     00330dd4  _TINT0_ISR                      
0     00330dde  _WAKEINT_ISR                    
0     00330de8  _EPWM1_TZINT_ISR                
0     00330df2  _EPWM2_TZINT_ISR                
0     00330dfc  _EPWM3_TZINT_ISR                
0     00330e06  _EPWM4_TZINT_ISR                
0     00330e10  _EPWM5_TZINT_ISR                
0     00330e1a  _EPWM6_TZINT_ISR                
0     00330e24  _EPWM1_INT_ISR                  
0     00330e2e  _EPWM2_INT_ISR                  
0     00330e38  _EPWM3_INT_ISR                  
0     00330e42  _EPWM4_INT_ISR                  
0     00330e4c  _EPWM5_INT_ISR                  
0     00330e56  _EPWM6_INT_ISR                  
0     00330e60  _ECAP1_INT_ISR                  
0     00330e6a  _ECAP2_INT_ISR                  
0     00330e74  _ECAP3_INT_ISR                  
0     00330e7e  _ECAP4_INT_ISR                  
0     00330e88  _ECAP5_INT_ISR                  
0     00330e92  _ECAP6_INT_ISR                  
0     00330e9c  _EQEP1_INT_ISR                  
0     00330ea6  _EQEP2_INT_ISR                  
0     00330eb0  _SPIRXINTA_ISR                  
0     00330eba  _SPITXINTA_ISR                  
0     00330ec4  _MRINTB_ISR                     
0     00330ece  _MXINTB_ISR                     
0     00330ed8  _MRINTA_ISR                     
0     00330ee2  _MXINTA_ISR                     
0     00330eec  _DINTCH1_ISR                    
0     00330ef6  _DINTCH2_ISR                    
0     00330f00  _DINTCH3_ISR                    
0     00330f0a  _DINTCH4_ISR                    
0     00330f14  _DINTCH5_ISR                    
0     00330f1e  _DINTCH6_ISR                    
0     00330f28  _I2CINT1A_ISR                   
0     00330f32  _I2CINT2A_ISR                   
0     00330f3c  _SCIRXINTC_ISR                  
0     00330f46  _SCITXINTC_ISR                  
0     00330f50  _SCIRXINTA_ISR                  
0     00330f5a  _SCITXINTA_ISR                  
0     00330f64  _SCIRXINTB_ISR                  
0     00330f6e  _SCITXINTB_ISR                  
0     00330f78  _ECAN0INTA_ISR                  
0     00330f82  _ECAN1INTA_ISR                  
0     00330f8c  _ECAN0INTB_ISR                  
0     00330f96  _ECAN1INTB_ISR                  
0     00330fa0  _XINT3_ISR                      
0     00330faa  _XINT4_ISR                      
0     00330fb4  _XINT5_ISR                      
0     00330fbe  _XINT6_ISR                      
0     00330fc8  _XINT7_ISR                      
0     00330fd2  _LVF_ISR                        
0     00330fdc  _LUF_ISR                        
0     00330fe6  _EMPTY_ISR                      
0     00330ff3  _PIE_RESERVED                   
0     00330ffd  _rsvd_ISR                       
0     00331007  _w25q64_gpio_init               
0     0033102d  _SPI_Init                       
0     00331038  _SPI_ReadWriteByte              
0     00331068  _FLASH_ReadJEDE_ID              
0     00331094  _FLASH_ReadDeviceID             
0     003310bb  _SPI_FLASH_WriteEnable          
0     003310c7  _SPI_FLASH_WaitForWriteEnd      
0     003310dd  _FLASH_PageWrite                
0     00331115  _SPI_FLASH_BufferWrite          
0     003311a5  _SPI_FLASH_BufferRead           
0     003311d8  _SPI_FLASH_SectorErase          
0     003311fc  _FLASH_32KErase                 
0     0033121e  _FLASH_64KErase                 
0     00331240  _SPI_FLASH_ChipErase            
0     0033124e  _SPI_Flash_WAKEUP               
0     00331280  _delay1                         
0     00331292  _begintrans                     
0     003312ab  _stoptrans                      
0     003312c2  _ack                            
0     003312f0  _bytein                         
0     00331327  _byteout                        
0     00331366  _WriteCmd                       
0     0033136e  _WriteDat                       
0     00331376  _SetPos                         
0     0033138a  _OLED_Fill                      
0     003313ab  _OLED_Clean                     
0     003313af  _OLED_ON                        
0     003313b9  _OLED_OFF                       
0     003313c3  _OLED_Init                      
0     0033141f  _OLED_ShowStr                   
0     00331494  LL$$DIV                         
0     003314d0  LL$$MOD                         
0     0033150a  ULL$$DIV                        
0     00331539  ULL$$MOD                        
0     0033159b  _InitSysCtrl                    
0     003315a4  _ServiceDog                     
0     003315ae  _DisableDog                     
0     003315b6  _InitPll                        
0     00331607  _InitPeripheralClocks           
0     00331662  _CsmUnlock                      
0     00331693  _decimalToHex                   
0     003316e7  _main                           
0     0033176b  _ldexpl                         
0     0033176b  _scalbnl                        
0     00331819  FD$$ADD                         
0     003318b5  FD$$DIV                         
0     00331940  FD$$MPY                         
0     003319c3  _wakeint_isr                    
0     003319d9  _scia_Rx_isr                    
0     00331a10  _epwm1_isr                      
0     00331a36  _frexpl                         
0     00331a90  _c_int00                        
0     00331ae6  _sprintf                        
0     00331b18  _atoi                           
0     00331b49  ___TI_ltoa                      
0     00331b79  FD$$CMP                         
0     00331ba3  L$$DIV                          
0     00331bb2  L$$MOD                          
0     00331bc0  UL$$DIV                         
0     00331bc7  UL$$MOD                         
0     00331bcd  C$$EXIT                         
0     00331bcd  _abort                          
0     00331bcf  _exit                           
0     00331bf6  _InitPieCtrl                    
0     00331c15  _EnableInterrupts               
0     00331c1e  _copysignl                      
0     00331c43  _copy_in                        
0     00331c67  FD$$TOI                         
0     00331c88  _InitPieVectTable               
0     00331ca8  FD$$TOL                         
0     00331cc7  LL$$CMP                         
0     00331cd9  ULL$$CMP                        
0     00331ce5  I$$TOFD                         
0     00331d02  _memcpy                         
0     00331d1f  FS$$TOFD                        
0     00331d3b  L$$TOFD                         
0     00331d57  LL$$AND                         
0     00331d5f  LL$$OR                          
0     00331d67  LL$$XOR                         
0     00331d6f  __args_main                     
0     00331d81  _memccpy                        
0     00331d91  FD$$SUB                         
0     00331d9f  _strchr                         
0     00331dab  __register_unlock               
0     00331daf  __register_lock                 
0     00331db3  __nop                           
0     00331db4  FD$$NEG                         
0     00331dbd  _wcslen                         
0     00331dce  _strlen                         
0     00331dd6  _memset                         
0     00331ddd  _strcpy                         
0     00331de2  __system_pre_init               
0     00331de4  __system_post_cinit             
0     00331de5  ___etext__                      
0     00331de5  etext                           
0     00331de6  _F8X16                          
0     003323d6  _F6x8                           
0     003325fe  __ctypes_                       
0     00332700  _PieVectTableInit               
0     00332881  ___cinit__                      
0     00332881  cinit                           
0     003328b3  _DSP28x_usDelay                 
0     0033fff6  code_start                      
0     00380080  _ADC_cal                        
1     00000400  __stack                         
1     00000700  __STACK_END                     
1     00000880  _DevEmuRegs                     
1     00000a80  _FlashRegs                      
1     00000ae0  _CsmRegs                        
1     00000b00  _AdcMirror                      
1     00000b20  _XintfRegs                      
1     00000c00  _CpuTimer0Regs                  
1     00000c08  _CpuTimer1Regs                  
1     00000c10  _CpuTimer2Regs                  
1     00000ce0  _PieCtrlRegs                    
1     00000d00  _PieVectTable                   
1     00001000  _DmaRegs                        
1     00005000  _McbspaRegs                     
1     00005040  _McbspbRegs                     
1     00006000  _ECanaRegs                      
1     00006040  _ECanaLAMRegs                   
1     00006080  _ECanaMOTSRegs                  
1     000060c0  _ECanaMOTORegs                  
1     00006100  _ECanaMboxes                    
1     00006200  _ECanbRegs                      
1     00006240  _ECanbLAMRegs                   
1     00006280  _ECanbMOTSRegs                  
1     000062c0  _ECanbMOTORegs                  
1     00006300  _ECanbMboxes                    
1     00006800  _EPwm1Regs                      
1     00006840  _EPwm2Regs                      
1     00006880  _EPwm3Regs                      
1     000068c0  _EPwm4Regs                      
1     00006900  _EPwm5Regs                      
1     00006940  _EPwm6Regs                      
1     00006a00  _ECap1Regs                      
1     00006a20  _ECap2Regs                      
1     00006a40  _ECap3Regs                      
1     00006a60  _ECap4Regs                      
1     00006a80  _ECap5Regs                      
1     00006aa0  _ECap6Regs                      
1     00006b00  _EQep1Regs                      
1     00006b40  _EQep2Regs                      
1     00006f80  _GpioCtrlRegs                   
1     00006fc0  _GpioDataRegs                   
1     00006fe0  _GpioIntRegs                    
1     00007010  _SysCtrlRegs                    
1     00007040  _SpiaRegs                       
1     00007050  _SciaRegs                       
1     00007070  _XIntruptRegs                   
1     00007100  _AdcRegs                        
1     00007750  _ScibRegs                       
1     00007770  _ScicRegs                       
1     00007900  _I2caRegs                       
1     0000d000  _ReceivedData                   
1     0000d100  _CpuTimer0                      
1     0000d108  _CpuTimer1                      
1     0000d110  _CpuTimer2                      
1     0000d118  _PWM_count                      
1     0000d119  _PWM_direction                  
1     0000d11a  _DataLength                     
1     0000d11b  _DataIndex                      
1     0000d11c  _IsReceiving                    
1     0000d11e  _WakeCount                      
1     0000d120  _LoopCount                      
1     0000d122  ___TI_enable_exit_profile_output
1     0000d124  ___TI_cleanup_ptr               
1     0000d126  ___TI_dtors_ptr                 
1     0000d128  __lock                          
1     0000d12a  __unlock                        
1     0000d12c  _eromrw_err                     
1     0000d12d  _errno                          
1     0033fff8  _CsmPwl                         
abs   00000300  __STACK_SIZE                    
abs   ffffffff  ___TI_pprof_out_hndl            
abs   ffffffff  ___TI_prof_data_size            
abs   ffffffff  ___TI_prof_data_start           
abs   ffffffff  ___binit__                      
abs   ffffffff  ___c_args__                     
abs   ffffffff  ___pinit__                      
abs   ffffffff  binit                           
abs   ffffffff  pinit                           

[265 symbols]
